Archive member included to satisfy reference by file (symbol)

c:/program files (x86)/atollic/truestudio for stm32 9.3.0/armtools/bin/../lib/gcc/arm-atollic-eabi/6.3.1/../../../../arm-atollic-eabi/lib/armv6-m\libc_nano.a(lib_a-errno.o)
                              Src\syscalls.o (__errno)
c:/program files (x86)/atollic/truestudio for stm32 9.3.0/armtools/bin/../lib/gcc/arm-atollic-eabi/6.3.1/../../../../arm-atollic-eabi/lib/armv6-m\libc_nano.a(lib_a-impure.o)
                              c:/program files (x86)/atollic/truestudio for stm32 9.3.0/armtools/bin/../lib/gcc/arm-atollic-eabi/6.3.1/../../../../arm-atollic-eabi/lib/armv6-m\libc_nano.a(lib_a-errno.o) (_impure_ptr)
c:/program files (x86)/atollic/truestudio for stm32 9.3.0/armtools/bin/../lib/gcc/arm-atollic-eabi/6.3.1/../../../../arm-atollic-eabi/lib/armv6-m\libc_nano.a(lib_a-init.o)
                              startup\startup_stm32g071xx.o (__libc_init_array)
c:/program files (x86)/atollic/truestudio for stm32 9.3.0/armtools/bin/../lib/gcc/arm-atollic-eabi/6.3.1/../../../../arm-atollic-eabi/lib/armv6-m\libc_nano.a(lib_a-memcpy-stub.o)
                              Middlewares\Third_Party\FreeRTOS\Source\queue.o (memcpy)
c:/program files (x86)/atollic/truestudio for stm32 9.3.0/armtools/bin/../lib/gcc/arm-atollic-eabi/6.3.1/../../../../arm-atollic-eabi/lib/armv6-m\libc_nano.a(lib_a-memset.o)
                              Middlewares\Third_Party\FreeRTOS\Source\CMSIS_RTOS\cmsis_os.o (memset)
c:/program files (x86)/atollic/truestudio for stm32 9.3.0/armtools/bin/../lib/gcc/arm-atollic-eabi/6.3.1/armv6-m\libgcc.a(_thumb1_case_uqi.o)
                              Drivers\STM32G0xx_HAL_Driver\Src\stm32g0xx_hal_dma.o (__gnu_thumb1_case_uqi)
c:/program files (x86)/atollic/truestudio for stm32 9.3.0/armtools/bin/../lib/gcc/arm-atollic-eabi/6.3.1/armv6-m\libgcc.a(_thumb1_case_uhi.o)
                              Drivers\STM32G0xx_HAL_Driver\Src\stm32g0xx_hal_uart.o (__gnu_thumb1_case_uhi)
c:/program files (x86)/atollic/truestudio for stm32 9.3.0/armtools/bin/../lib/gcc/arm-atollic-eabi/6.3.1/armv6-m\libgcc.a(_udivsi3.o)
                              Drivers\STM32G0xx_HAL_Driver\Src\stm32g0xx_hal.o (__aeabi_uidiv)
c:/program files (x86)/atollic/truestudio for stm32 9.3.0/armtools/bin/../lib/gcc/arm-atollic-eabi/6.3.1/armv6-m\libgcc.a(_divsi3.o)
                              Drivers\STM32G0xx_HAL_Driver\Src\stm32g0xx_hal_uart_ex.o (__aeabi_idiv)
c:/program files (x86)/atollic/truestudio for stm32 9.3.0/armtools/bin/../lib/gcc/arm-atollic-eabi/6.3.1/armv6-m\libgcc.a(_dvmd_tls.o)
                              c:/program files (x86)/atollic/truestudio for stm32 9.3.0/armtools/bin/../lib/gcc/arm-atollic-eabi/6.3.1/armv6-m\libgcc.a(_udivsi3.o) (__aeabi_idiv0)
c:/program files (x86)/atollic/truestudio for stm32 9.3.0/armtools/bin/../lib/gcc/arm-atollic-eabi/6.3.1/armv6-m\libgcc.a(_aeabi_uldivmod.o)
                              Drivers\STM32G0xx_HAL_Driver\Src\stm32g0xx_hal_uart.o (__aeabi_uldivmod)
c:/program files (x86)/atollic/truestudio for stm32 9.3.0/armtools/bin/../lib/gcc/arm-atollic-eabi/6.3.1/armv6-m\libgcc.a(_udivmoddi4.o)
                              c:/program files (x86)/atollic/truestudio for stm32 9.3.0/armtools/bin/../lib/gcc/arm-atollic-eabi/6.3.1/armv6-m\libgcc.a(_aeabi_uldivmod.o) (__udivmoddi4)
c:/program files (x86)/atollic/truestudio for stm32 9.3.0/armtools/bin/../lib/gcc/arm-atollic-eabi/6.3.1/armv6-m\libgcc.a(_clzdi2.o)
                              c:/program files (x86)/atollic/truestudio for stm32 9.3.0/armtools/bin/../lib/gcc/arm-atollic-eabi/6.3.1/armv6-m\libgcc.a(_udivmoddi4.o) (__clzdi2)
c:/program files (x86)/atollic/truestudio for stm32 9.3.0/armtools/bin/../lib/gcc/arm-atollic-eabi/6.3.1/armv6-m\libgcc.a(_clzsi2.o)
                              c:/program files (x86)/atollic/truestudio for stm32 9.3.0/armtools/bin/../lib/gcc/arm-atollic-eabi/6.3.1/armv6-m\libgcc.a(_clzdi2.o) (__clzsi2)

Allocating common symbols
Common symbol       size              file

defaultTaskHandle   0x4               Src\main.o
regulatorTaskHandle
                    0x4               Src\bq25703a_regulator.o
hdma_i2c1_tx        0x5c              Src\main.o
hi2c1               0x4c              Src\main.o
uwTick              0x4               Drivers\STM32G0xx_HAL_Driver\Src\stm32g0xx_hal.o
xQueueRegistry      0x40              Middlewares\Third_Party\FreeRTOS\Source\queue.o
hlpuart1            0x8c              Src\main.o
regulator           0x20              Src\bq25703a_regulator.o
hdma_i2c1_rx        0x5c              Src\main.o
xTxMutex_Regulator  0x4               Src\main.o
htim2               0x40              Src\stm32g0xx_hal_timebase_tim.o

Discarded input sections

 .text          0x00000000        0x0 c:/program files (x86)/atollic/truestudio for stm32 9.3.0/armtools/bin/../lib/gcc/arm-atollic-eabi/6.3.1/armv6-m/crti.o
[...]
Memory Configuration

Name             Origin             Length             Attributes
RAM              0x20000000         0x00009000         xrw
FLASH            0x08000000         0x00020000         xr
*default*        0x00000000         0xffffffff

Linker script and memory map

LOAD c:/program files (x86)/atollic/truestudio for stm32 9.3.0/armtools/bin/../lib/gcc/arm-atollic-eabi/6.3.1/armv6-m/crti.o
LOAD c:/program files (x86)/atollic/truestudio for stm32 9.3.0/armtools/bin/../lib/gcc/arm-atollic-eabi/6.3.1/armv6-m/crtbegin.o
LOAD Drivers\STM32G0xx_HAL_Driver\Src\stm32g0xx_hal.o
LOAD Drivers\STM32G0xx_HAL_Driver\Src\stm32g0xx_hal_cortex.o
LOAD Drivers\STM32G0xx_HAL_Driver\Src\stm32g0xx_hal_dma.o
LOAD Drivers\STM32G0xx_HAL_Driver\Src\stm32g0xx_hal_dma_ex.o
LOAD Drivers\STM32G0xx_HAL_Driver\Src\stm32g0xx_hal_exti.o
LOAD Drivers\STM32G0xx_HAL_Driver\Src\stm32g0xx_hal_flash.o
LOAD Drivers\STM32G0xx_HAL_Driver\Src\stm32g0xx_hal_flash_ex.o
LOAD Drivers\STM32G0xx_HAL_Driver\Src\stm32g0xx_hal_gpio.o
LOAD Drivers\STM32G0xx_HAL_Driver\Src\stm32g0xx_hal_i2c.o
LOAD Drivers\STM32G0xx_HAL_Driver\Src\stm32g0xx_hal_i2c_ex.o
LOAD Drivers\STM32G0xx_HAL_Driver\Src\stm32g0xx_hal_pwr.o
LOAD Drivers\STM32G0xx_HAL_Driver\Src\stm32g0xx_hal_pwr_ex.o
LOAD Drivers\STM32G0xx_HAL_Driver\Src\stm32g0xx_hal_rcc.o
LOAD Drivers\STM32G0xx_HAL_Driver\Src\stm32g0xx_hal_rcc_ex.o
LOAD Drivers\STM32G0xx_HAL_Driver\Src\stm32g0xx_hal_tim.o
LOAD Drivers\STM32G0xx_HAL_Driver\Src\stm32g0xx_hal_tim_ex.o
LOAD Drivers\STM32G0xx_HAL_Driver\Src\stm32g0xx_hal_uart.o
LOAD Drivers\STM32G0xx_HAL_Driver\Src\stm32g0xx_hal_uart_ex.o
LOAD Drivers\STM32G0xx_HAL_Driver\Src\stm32g0xx_ll_rcc.o
LOAD Middlewares\Third_Party\FreeRTOS\Source\CMSIS_RTOS\cmsis_os.o
LOAD Middlewares\Third_Party\FreeRTOS\Source\croutine.o
LOAD Middlewares\Third_Party\FreeRTOS\Source\event_groups.o
LOAD Middlewares\Third_Party\FreeRTOS\Source\list.o
LOAD Middlewares\Third_Party\FreeRTOS\Source\portable\GCC\ARM_CM0\port.o
LOAD Middlewares\Third_Party\FreeRTOS\Source\portable\MemMang\heap_4.o
LOAD Middlewares\Third_Party\FreeRTOS\Source\queue.o
LOAD Middlewares\Third_Party\FreeRTOS\Source\stream_buffer.o
LOAD Middlewares\Third_Party\FreeRTOS\Source\tasks.o
LOAD Middlewares\Third_Party\FreeRTOS\Source\timers.o
LOAD Src\app_freertos.o
LOAD Src\bq25703a_regulator.o
LOAD Src\main.o
LOAD Src\stm32g0xx_hal_msp.o
LOAD Src\stm32g0xx_hal_timebase_tim.o
LOAD Src\stm32g0xx_it.o
LOAD Src\syscalls.o
LOAD Src\system_stm32g0xx.o
LOAD startup\startup_stm32g071xx.o
                0x00000080                malloc_getpagesize_P = 0x80
START GROUP
LOAD c:/program files (x86)/atollic/truestudio for stm32 9.3.0/armtools/bin/../lib/gcc/arm-atollic-eabi/6.3.1/../../../../arm-atollic-eabi/lib/armv6-m\libc_nano.a
LOAD c:/program files (x86)/atollic/truestudio for stm32 9.3.0/armtools/bin/../lib/gcc/arm-atollic-eabi/6.3.1/../../../../arm-atollic-eabi/lib/armv6-m\libm.a
END GROUP
START GROUP
LOAD c:/program files (x86)/atollic/truestudio for stm32 9.3.0/armtools/bin/../lib/gcc/arm-atollic-eabi/6.3.1/armv6-m\libgcc.a
LOAD c:/program files (x86)/atollic/truestudio for stm32 9.3.0/armtools/bin/../lib/gcc/arm-atollic-eabi/6.3.1/../../../../arm-atollic-eabi/lib/armv6-m\libc_nano.a
END GROUP
START GROUP
LOAD c:/program files (x86)/atollic/truestudio for stm32 9.3.0/armtools/bin/../lib/gcc/arm-atollic-eabi/6.3.1/armv6-m\libgcc.a
LOAD c:/program files (x86)/atollic/truestudio for stm32 9.3.0/armtools/bin/../lib/gcc/arm-atollic-eabi/6.3.1/../../../../arm-atollic-eabi/lib/armv6-m\libc_nano.a
LOAD c:/program files (x86)/atollic/truestudio for stm32 9.3.0/armtools/bin/../lib/gcc/arm-atollic-eabi/6.3.1/../../../../arm-atollic-eabi/lib/armv6-m\libnosys.a
END GROUP
START GROUP
LOAD c:/program files (x86)/atollic/truestudio for stm32 9.3.0/armtools/bin/../lib/gcc/arm-atollic-eabi/6.3.1/armv6-m\libgcc.a
LOAD c:/program files (x86)/atollic/truestudio for stm32 9.3.0/armtools/bin/../lib/gcc/arm-atollic-eabi/6.3.1/../../../../arm-atollic-eabi/lib/armv6-m\libc_nano.a
LOAD c:/program files (x86)/atollic/truestudio for stm32 9.3.0/armtools/bin/../lib/gcc/arm-atollic-eabi/6.3.1/../../../../arm-atollic-eabi/lib/armv6-m\libnosys.a
END GROUP
LOAD c:/program files (x86)/atollic/truestudio for stm32 9.3.0/armtools/bin/../lib/gcc/arm-atollic-eabi/6.3.1/armv6-m/crtend.o
LOAD c:/program files (x86)/atollic/truestudio for stm32 9.3.0/armtools/bin/../lib/gcc/arm-atollic-eabi/6.3.1/armv6-m/crtn.o
                0x20009000                _estack = 0x20009000
                0x00000200                _Min_Heap_Size = 0x200
                0x00000400                _Min_Stack_Size = 0x400

.isr_vector     0x08000000       0xbc
                0x08000000                . = ALIGN (0x4)
 *(.isr_vector)
 .isr_vector    0x08000000       0xbc startup\startup_stm32g071xx.o
                0x08000000                g_pfnVectors
                0x080000bc                . = ALIGN (0x4)

.text           0x080000c0     0x48d0
                0x080000c0                . = ALIGN (0x4)
 *(.text)
 .text          0x080000c0       0x48 c:/program files (x86)/atollic/truestudio for stm32 9.3.0/armtools/bin/../lib/gcc/arm-atollic-eabi/6.3.1/armv6-m/crtbegin.o
 .text          0x08000108       0x14 c:/program files (x86)/atollic/truestudio for stm32 9.3.0/armtools/bin/../lib/gcc/arm-atollic-eabi/6.3.1/armv6-m\libgcc.a(_thumb1_case_uqi.o)
                0x08000108                __gnu_thumb1_case_uqi
 .text          0x0800011c       0x14 c:/program files (x86)/atollic/truestudio for stm32 9.3.0/armtools/bin/../lib/gcc/arm-atollic-eabi/6.3.1/armv6-m\libgcc.a(_thumb1_case_uhi.o)
                0x0800011c                __gnu_thumb1_case_uhi
 .text          0x08000130      0x114 c:/program files (x86)/atollic/truestudio for stm32 9.3.0/armtools/bin/../lib/gcc/arm-atollic-eabi/6.3.1/armv6-m\libgcc.a(_udivsi3.o)
                0x08000130                __aeabi_uidiv
                0x08000130                __udivsi3
                0x0800023c                __aeabi_uidivmod
 .text          0x08000244      0x1d4 c:/program files (x86)/atollic/truestudio for stm32 9.3.0/armtools/bin/../lib/gcc/arm-atollic-eabi/6.3.1/armv6-m\libgcc.a(_divsi3.o)
                0x08000244                __divsi3
                0x08000244                __aeabi_idiv
                0x08000410                __aeabi_idivmod
 .text          0x08000418        0x4 c:/program files (x86)/atollic/truestudio for stm32 9.3.0/armtools/bin/../lib/gcc/arm-atollic-eabi/6.3.1/armv6-m\libgcc.a(_dvmd_tls.o)
                0x08000418                __aeabi_idiv0
                0x08000418                __aeabi_ldiv0
 .text          0x0800041c       0x40 c:/program files (x86)/atollic/truestudio for stm32 9.3.0/armtools/bin/../lib/gcc/arm-atollic-eabi/6.3.1/armv6-m\libgcc.a(_aeabi_uldivmod.o)
                0x0800041c                __aeabi_uldivmod
 .text          0x0800045c      0x180 c:/program files (x86)/atollic/truestudio for stm32 9.3.0/armtools/bin/../lib/gcc/arm-atollic-eabi/6.3.1/armv6-m\libgcc.a(_udivmoddi4.o)
                0x0800045c                __udivmoddi4
 .text          0x080005dc       0x18 c:/program files (x86)/atollic/truestudio for stm32 9.3.0/armtools/bin/../lib/gcc/arm-atollic-eabi/6.3.1/armv6-m\libgcc.a(_clzdi2.o)
                0x080005dc                __clzdi2
 .text          0x080005f4       0x3c c:/program files (x86)/atollic/truestudio for stm32 9.3.0/armtools/bin/../lib/gcc/arm-atollic-eabi/6.3.1/armv6-m\libgcc.a(_clzsi2.o)
                0x080005f4                __clzsi2
 *(.text*)
 .text.HAL_Init
                0x08000630       0x28 Drivers\STM32G0xx_HAL_Driver\Src\stm32g0xx_hal.o
                0x08000630                HAL_Init
 .text.HAL_IncTick
                0x08000658       0x18 Drivers\STM32G0xx_HAL_Driver\Src\stm32g0xx_hal.o
                0x08000658                HAL_IncTick
 .text.HAL_GetTick
                0x08000670        0xc Drivers\STM32G0xx_HAL_Driver\Src\stm32g0xx_hal.o
                0x08000670                HAL_GetTick
 .text.HAL_NVIC_SetPriority
                0x0800067c       0x60 Drivers\STM32G0xx_HAL_Driver\Src\stm32g0xx_hal_cortex.o
                0x0800067c                HAL_NVIC_SetPriority
 .text.HAL_NVIC_EnableIRQ
                0x080006dc       0x14 Drivers\STM32G0xx_HAL_Driver\Src\stm32g0xx_hal_cortex.o
                0x080006dc                HAL_NVIC_EnableIRQ
 .text.DMA_SetConfig
                0x080006f0       0x40 Drivers\STM32G0xx_HAL_Driver\Src\stm32g0xx_hal_dma.o
 .text.DMA_CalcDMAMUXChannelBaseAndMask
                0x08000730       0x34 Drivers\STM32G0xx_HAL_Driver\Src\stm32g0xx_hal_dma.o
 .text.HAL_DMA_Init
                0x08000764       0xb8 Drivers\STM32G0xx_HAL_Driver\Src\stm32g0xx_hal_dma.o
                0x08000764                HAL_DMA_Init
 .text.HAL_DMA_Start_IT
                0x0800081c       0x80 Drivers\STM32G0xx_HAL_Driver\Src\stm32g0xx_hal_dma.o
                0x0800081c                HAL_DMA_Start_IT
 .text.HAL_DMA_Abort_IT
                0x0800089c       0x7c Drivers\STM32G0xx_HAL_Driver\Src\stm32g0xx_hal_dma.o
                0x0800089c                HAL_DMA_Abort_IT
 .text.HAL_DMA_IRQHandler
                0x08000918       0xa8 Drivers\STM32G0xx_HAL_Driver\Src\stm32g0xx_hal_dma.o
                0x08000918                HAL_DMA_IRQHandler
 .text.HAL_GPIO_Init
                0x080009c0      0x150 Drivers\STM32G0xx_HAL_Driver\Src\stm32g0xx_hal_gpio.o
                0x080009c0                HAL_GPIO_Init
 .text.HAL_GPIO_WritePin
                0x08000b10        0xc Drivers\STM32G0xx_HAL_Driver\Src\stm32g0xx_hal_gpio.o
                0x08000b10                HAL_GPIO_WritePin
 .text.I2C_Flush_TXDR
                0x08000b1c       0x1c Drivers\STM32G0xx_HAL_Driver\Src\stm32g0xx_hal_i2c.o
 .text.I2C_TransferConfig
                0x08000b38       0x2c Drivers\STM32G0xx_HAL_Driver\Src\stm32g0xx_hal_i2c.o
 .text.I2C_Enable_IRQ
                0x08000b64       0x68 Drivers\STM32G0xx_HAL_Driver\Src\stm32g0xx_hal_i2c.o
 .text.I2C_Disable_IRQ
                0x08000bcc       0x5e Drivers\STM32G0xx_HAL_Driver\Src\stm32g0xx_hal_i2c.o
 *fill*         0x08000c2a        0x2 
 .text.HAL_I2C_Init
                0x08000c2c       0xac Drivers\STM32G0xx_HAL_Driver\Src\stm32g0xx_hal_i2c.o
                0x08000c2c                HAL_I2C_Init
 .text.HAL_I2C_Master_Transmit_DMA
                0x08000cd8      0x138 Drivers\STM32G0xx_HAL_Driver\Src\stm32g0xx_hal_i2c.o
                0x08000cd8                HAL_I2C_Master_Transmit_DMA
 .text.HAL_I2C_Master_Receive_DMA
                0x08000e10      0x13c Drivers\STM32G0xx_HAL_Driver\Src\stm32g0xx_hal_i2c.o
                0x08000e10                HAL_I2C_Master_Receive_DMA
 .text.HAL_I2C_EV_IRQHandler
                0x08000f4c       0x12 Drivers\STM32G0xx_HAL_Driver\Src\stm32g0xx_hal_i2c.o
                0x08000f4c                HAL_I2C_EV_IRQHandler
 .text.HAL_I2C_MasterTxCpltCallback
                0x08000f5e        0x2 Drivers\STM32G0xx_HAL_Driver\Src\stm32g0xx_hal_i2c.o
                0x08000f5e                HAL_I2C_MasterTxCpltCallback
 .text.HAL_I2C_MasterRxCpltCallback
                0x08000f60        0x2 Drivers\STM32G0xx_HAL_Driver\Src\stm32g0xx_hal_i2c.o
                0x08000f60                HAL_I2C_MasterRxCpltCallback
 .text.I2C_ITMasterSeqCplt
                0x08000f62       0x48 Drivers\STM32G0xx_HAL_Driver\Src\stm32g0xx_hal_i2c.o
 .text.HAL_I2C_SlaveTxCpltCallback
                0x08000faa        0x2 Drivers\STM32G0xx_HAL_Driver\Src\stm32g0xx_hal_i2c.o
                0x08000faa                HAL_I2C_SlaveTxCpltCallback
 .text.HAL_I2C_SlaveRxCpltCallback
                0x08000fac        0x2 Drivers\STM32G0xx_HAL_Driver\Src\stm32g0xx_hal_i2c.o
                0x08000fac                HAL_I2C_SlaveRxCpltCallback
 .text.I2C_ITSlaveSeqCplt
                0x08000fae       0x52 Drivers\STM32G0xx_HAL_Driver\Src\stm32g0xx_hal_i2c.o
 .text.HAL_I2C_AddrCallback
                0x08001000        0x2 Drivers\STM32G0xx_HAL_Driver\Src\stm32g0xx_hal_i2c.o
                0x08001000                HAL_I2C_AddrCallback
 .text.I2C_ITAddrCplt.isra.8
                0x08001002       0x90 Drivers\STM32G0xx_HAL_Driver\Src\stm32g0xx_hal_i2c.o
 .text.HAL_I2C_ListenCpltCallback
                0x08001092        0x2 Drivers\STM32G0xx_HAL_Driver\Src\stm32g0xx_hal_i2c.o
                0x08001092                HAL_I2C_ListenCpltCallback
 .text.I2C_ITListenCplt
                0x08001094       0x68 Drivers\STM32G0xx_HAL_Driver\Src\stm32g0xx_hal_i2c.o
 .text.HAL_I2C_MemTxCpltCallback
                0x080010fc        0x2 Drivers\STM32G0xx_HAL_Driver\Src\stm32g0xx_hal_i2c.o
                0x080010fc                HAL_I2C_MemTxCpltCallback
 .text.HAL_I2C_MemRxCpltCallback
                0x080010fe        0x2 Drivers\STM32G0xx_HAL_Driver\Src\stm32g0xx_hal_i2c.o
                0x080010fe                HAL_I2C_MemRxCpltCallback
 .text.HAL_I2C_ErrorCallback
                0x08001100        0x2 Drivers\STM32G0xx_HAL_Driver\Src\stm32g0xx_hal_i2c.o
                0x08001100                HAL_I2C_ErrorCallback
 .text.HAL_I2C_AbortCpltCallback
                0x08001102        0x2 Drivers\STM32G0xx_HAL_Driver\Src\stm32g0xx_hal_i2c.o
                0x08001102                HAL_I2C_AbortCpltCallback
 .text.I2C_ITError
                0x08001104       0xe4 Drivers\STM32G0xx_HAL_Driver\Src\stm32g0xx_hal_i2c.o
 .text.I2C_ITSlaveCplt
                0x080011e8       0xf4 Drivers\STM32G0xx_HAL_Driver\Src\stm32g0xx_hal_i2c.o
 .text.I2C_Slave_ISR_IT
                0x080012dc      0x124 Drivers\STM32G0xx_HAL_Driver\Src\stm32g0xx_hal_i2c.o
 .text.I2C_ITMasterCplt
                0x08001400       0xb4 Drivers\STM32G0xx_HAL_Driver\Src\stm32g0xx_hal_i2c.o
 .text.I2C_Master_ISR_IT
                0x080014b4      0x12c Drivers\STM32G0xx_HAL_Driver\Src\stm32g0xx_hal_i2c.o
 .text.I2C_Slave_ISR_DMA
                0x080015e0       0xe0 Drivers\STM32G0xx_HAL_Driver\Src\stm32g0xx_hal_i2c.o
 .text.I2C_Master_ISR_DMA
                0x080016c0      0x110 Drivers\STM32G0xx_HAL_Driver\Src\stm32g0xx_hal_i2c.o
 .text.I2C_DMAError
                0x080017d0       0x18 Drivers\STM32G0xx_HAL_Driver\Src\stm32g0xx_hal_i2c.o
 .text.I2C_DMAMasterTransmitCplt
                0x080017e8       0x50 Drivers\STM32G0xx_HAL_Driver\Src\stm32g0xx_hal_i2c.o
 .text.I2C_DMAMasterReceiveCplt
                0x08001838       0x50 Drivers\STM32G0xx_HAL_Driver\Src\stm32g0xx_hal_i2c.o
 .text.HAL_I2C_ER_IRQHandler
                0x08001888       0x58 Drivers\STM32G0xx_HAL_Driver\Src\stm32g0xx_hal_i2c.o
                0x08001888                HAL_I2C_ER_IRQHandler
 .text.I2C_DMAAbort
                0x080018e0       0x28 Drivers\STM32G0xx_HAL_Driver\Src\stm32g0xx_hal_i2c.o
 .text.HAL_I2C_GetState
                0x08001908        0x8 Drivers\STM32G0xx_HAL_Driver\Src\stm32g0xx_hal_i2c.o
                0x08001908                HAL_I2C_GetState
 .text.HAL_I2C_GetError
                0x08001910        0x4 Drivers\STM32G0xx_HAL_Driver\Src\stm32g0xx_hal_i2c.o
                0x08001910                HAL_I2C_GetError
 .text.HAL_I2CEx_ConfigAnalogFilter
                0x08001914       0x4c Drivers\STM32G0xx_HAL_Driver\Src\stm32g0xx_hal_i2c_ex.o
                0x08001914                HAL_I2CEx_ConfigAnalogFilter
 .text.HAL_I2CEx_ConfigDigitalFilter
                0x08001960       0x48 Drivers\STM32G0xx_HAL_Driver\Src\stm32g0xx_hal_i2c_ex.o
                0x08001960                HAL_I2CEx_ConfigDigitalFilter
 .text.HAL_PWREx_ControlVoltageScaling
                0x080019a8       0x54 Drivers\STM32G0xx_HAL_Driver\Src\stm32g0xx_hal_pwr_ex.o
                0x080019a8                HAL_PWREx_ControlVoltageScaling
 .text.HAL_RCC_OscConfig
                0x080019fc      0x454 Drivers\STM32G0xx_HAL_Driver\Src\stm32g0xx_hal_rcc.o
                0x080019fc                HAL_RCC_OscConfig
 .text.HAL_RCC_GetSysClockFreq
                0x08001e50       0x8c Drivers\STM32G0xx_HAL_Driver\Src\stm32g0xx_hal_rcc.o
                0x08001e50                HAL_RCC_GetSysClockFreq
 .text.HAL_RCC_ClockConfig
                0x08001edc      0x15c Drivers\STM32G0xx_HAL_Driver\Src\stm32g0xx_hal_rcc.o
                0x08001edc                HAL_RCC_ClockConfig
 .text.HAL_RCC_GetPCLK1Freq
                0x08002038       0x28 Drivers\STM32G0xx_HAL_Driver\Src\stm32g0xx_hal_rcc.o
                0x08002038                HAL_RCC_GetPCLK1Freq
 .text.HAL_RCC_GetClockConfig
                0x08002060       0x34 Drivers\STM32G0xx_HAL_Driver\Src\stm32g0xx_hal_rcc.o
                0x08002060                HAL_RCC_GetClockConfig
 .text.HAL_RCCEx_PeriphCLKConfig
                0x08002094      0x204 Drivers\STM32G0xx_HAL_Driver\Src\stm32g0xx_hal_rcc_ex.o
                0x08002094                HAL_RCCEx_PeriphCLKConfig
 .text.HAL_TIM_Base_MspInit
                0x08002298        0x2 Drivers\STM32G0xx_HAL_Driver\Src\stm32g0xx_hal_tim.o
                0x08002298                HAL_TIM_Base_MspInit
 *fill*         0x0800229a        0x2 
 .text.HAL_TIM_Base_Start_IT
                0x0800229c       0x28 Drivers\STM32G0xx_HAL_Driver\Src\stm32g0xx_hal_tim.o
                0x0800229c                HAL_TIM_Base_Start_IT
 .text.HAL_TIM_OC_DelayElapsedCallback
                0x080022c4        0x2 Drivers\STM32G0xx_HAL_Driver\Src\stm32g0xx_hal_tim.o
                0x080022c4                HAL_TIM_OC_DelayElapsedCallback
 .text.HAL_TIM_IC_CaptureCallback
                0x080022c6        0x2 Drivers\STM32G0xx_HAL_Driver\Src\stm32g0xx_hal_tim.o
                0x080022c6                HAL_TIM_IC_CaptureCallback
 .text.HAL_TIM_PWM_PulseFinishedCallback
                0x080022c8        0x2 Drivers\STM32G0xx_HAL_Driver\Src\stm32g0xx_hal_tim.o
                0x080022c8                HAL_TIM_PWM_PulseFinishedCallback
 .text.HAL_TIM_TriggerCallback
                0x080022ca        0x2 Drivers\STM32G0xx_HAL_Driver\Src\stm32g0xx_hal_tim.o
                0x080022ca                HAL_TIM_TriggerCallback
 .text.HAL_TIM_IRQHandler
                0x080022cc      0x168 Drivers\STM32G0xx_HAL_Driver\Src\stm32g0xx_hal_tim.o
                0x080022cc                HAL_TIM_IRQHandler
 .text.TIM_Base_SetConfig
                0x08002434       0xa0 Drivers\STM32G0xx_HAL_Driver\Src\stm32g0xx_hal_tim.o
                0x08002434                TIM_Base_SetConfig
 .text.HAL_TIM_Base_Init
                0x080024d4       0x36 Drivers\STM32G0xx_HAL_Driver\Src\stm32g0xx_hal_tim.o
                0x080024d4                HAL_TIM_Base_Init
 .text.HAL_TIMEx_CommutCallback
                0x0800250a        0x2 Drivers\STM32G0xx_HAL_Driver\Src\stm32g0xx_hal_tim_ex.o
                0x0800250a                HAL_TIMEx_CommutCallback
 .text.HAL_TIMEx_BreakCallback
                0x0800250c        0x2 Drivers\STM32G0xx_HAL_Driver\Src\stm32g0xx_hal_tim_ex.o
                0x0800250c                HAL_TIMEx_BreakCallback
 .text.HAL_TIMEx_Break2Callback
                0x0800250e        0x2 Drivers\STM32G0xx_HAL_Driver\Src\stm32g0xx_hal_tim_ex.o
                0x0800250e                HAL_TIMEx_Break2Callback
 .text.UART_SetConfig
                0x08002510      0x834 Drivers\STM32G0xx_HAL_Driver\Src\stm32g0xx_hal_uart.o
                0x08002510                UART_SetConfig
 .text.UART_AdvFeatureConfig
                0x08002d44       0xd0 Drivers\STM32G0xx_HAL_Driver\Src\stm32g0xx_hal_uart.o
                0x08002d44                UART_AdvFeatureConfig
 .text.UART_WaitOnFlagUntilTimeout
                0x08002e14       0x64 Drivers\STM32G0xx_HAL_Driver\Src\stm32g0xx_hal_uart.o
                0x08002e14                UART_WaitOnFlagUntilTimeout
 .text.UART_CheckIdleState
                0x08002e78       0x68 Drivers\STM32G0xx_HAL_Driver\Src\stm32g0xx_hal_uart.o
                0x08002e78                UART_CheckIdleState
 .text.HAL_UART_Init
                0x08002ee0       0x68 Drivers\STM32G0xx_HAL_Driver\Src\stm32g0xx_hal_uart.o
                0x08002ee0                HAL_UART_Init
 .text.UARTEx_SetNbDataToProcess
                0x08002f48       0x7c Drivers\STM32G0xx_HAL_Driver\Src\stm32g0xx_hal_uart_ex.o
 .text.HAL_UARTEx_DisableFifoMode
                0x08002fc4       0x38 Drivers\STM32G0xx_HAL_Driver\Src\stm32g0xx_hal_uart_ex.o
                0x08002fc4                HAL_UARTEx_DisableFifoMode
 .text.HAL_UARTEx_SetTxFifoThreshold
                0x08002ffc       0x42 Drivers\STM32G0xx_HAL_Driver\Src\stm32g0xx_hal_uart_ex.o
                0x08002ffc                HAL_UARTEx_SetTxFifoThreshold
 *fill*         0x0800303e        0x2 
 .text.HAL_UARTEx_SetRxFifoThreshold
                0x08003040       0x48 Drivers\STM32G0xx_HAL_Driver\Src\stm32g0xx_hal_uart_ex.o
                0x08003040                HAL_UARTEx_SetRxFifoThreshold
 .text.osKernelStart
                0x08003088        0xa Middlewares\Third_Party\FreeRTOS\Source\CMSIS_RTOS\cmsis_os.o
                0x08003088                osKernelStart
 .text.osThreadCreate
                0x08003092       0x30 Middlewares\Third_Party\FreeRTOS\Source\CMSIS_RTOS\cmsis_os.o
                0x08003092                osThreadCreate
 .text.osDelay  0x080030c2       0x10 Middlewares\Third_Party\FreeRTOS\Source\CMSIS_RTOS\cmsis_os.o
                0x080030c2                osDelay
 .text.vListInitialise
                0x080030d2       0x16 Middlewares\Third_Party\FreeRTOS\Source\list.o
                0x080030d2                vListInitialise
 .text.vListInitialiseItem
                0x080030e8        0x6 Middlewares\Third_Party\FreeRTOS\Source\list.o
                0x080030e8                vListInitialiseItem
 .text.vListInsertEnd
                0x080030ee       0x18 Middlewares\Third_Party\FreeRTOS\Source\list.o
                0x080030ee                vListInsertEnd
 .text.vListInsert
                0x08003106       0x2e Middlewares\Third_Party\FreeRTOS\Source\list.o
                0x08003106                vListInsert
 .text.uxListRemove
                0x08003134       0x22 Middlewares\Third_Party\FreeRTOS\Source\list.o
                0x08003134                uxListRemove
 *fill*         0x08003156        0x2 
 .text.prvTaskExitError
                0x08003158       0x24 Middlewares\Third_Party\FreeRTOS\Source\portable\GCC\ARM_CM0\port.o
 *fill*         0x0800317c        0x4 
 .text.vPortStartFirstTask
                0x08003180       0x34 Middlewares\Third_Party\FreeRTOS\Source\portable\GCC\ARM_CM0\port.o
 .text.pxPortInitialiseStack
                0x080031b4       0x20 Middlewares\Third_Party\FreeRTOS\Source\portable\GCC\ARM_CM0\port.o
                0x080031b4                pxPortInitialiseStack
 .text.SVC_Handler
                0x080031d4        0x2 Middlewares\Third_Party\FreeRTOS\Source\portable\GCC\ARM_CM0\port.o
                0x080031d4                SVC_Handler
 *fill*         0x080031d6        0x2 
 .text.xPortStartScheduler
                0x080031d8       0x64 Middlewares\Third_Party\FreeRTOS\Source\portable\GCC\ARM_CM0\port.o
                0x080031d8                xPortStartScheduler
 .text.vPortYield
                0x0800323c       0x18 Middlewares\Third_Party\FreeRTOS\Source\portable\GCC\ARM_CM0\port.o
                0x0800323c                vPortYield
 .text.vPortEnterCritical
                0x08003254       0x18 Middlewares\Third_Party\FreeRTOS\Source\portable\GCC\ARM_CM0\port.o
                0x08003254                vPortEnterCritical
 .text.vPortExitCritical
                0x0800326c       0x1c Middlewares\Third_Party\FreeRTOS\Source\portable\GCC\ARM_CM0\port.o
                0x0800326c                vPortExitCritical
 .text.ulSetInterruptMaskFromISR
                0x08003288        0x8 Middlewares\Third_Party\FreeRTOS\Source\portable\GCC\ARM_CM0\port.o
                0x08003288                ulSetInterruptMaskFromISR
 .text.vClearInterruptMaskFromISR
                0x08003290        0x6 Middlewares\Third_Party\FreeRTOS\Source\portable\GCC\ARM_CM0\port.o
                0x08003290                vClearInterruptMaskFromISR
 *fill*         0x08003296        0xa 
 .text.PendSV_Handler
                0x080032a0       0x44 Middlewares\Third_Party\FreeRTOS\Source\portable\GCC\ARM_CM0\port.o
                0x080032a0                PendSV_Handler
 .text.SysTick_Handler
                0x080032e4       0x24 Middlewares\Third_Party\FreeRTOS\Source\portable\GCC\ARM_CM0\port.o
                0x080032e4                SysTick_Handler
 .text.unlikely.prvInsertBlockIntoFreeList
                0x08003308       0x48 Middlewares\Third_Party\FreeRTOS\Source\portable\MemMang\heap_4.o
 .text.pvPortMalloc
                0x08003350      0x104 Middlewares\Third_Party\FreeRTOS\Source\portable\MemMang\heap_4.o
                0x08003350                pvPortMalloc
 .text.vPortFree
                0x08003454       0x48 Middlewares\Third_Party\FreeRTOS\Source\portable\MemMang\heap_4.o
                0x08003454                vPortFree
 .text.prvIsQueueEmpty
                0x0800349c       0x14 Middlewares\Third_Party\FreeRTOS\Source\queue.o
 .text.unlikely.prvCopyDataToQueue
                0x080034b0       0x70 Middlewares\Third_Party\FreeRTOS\Source\queue.o
 .text.prvUnlockQueue
                0x08003520       0x6a Middlewares\Third_Party\FreeRTOS\Source\queue.o
 .text.xQueueGenericReset
                0x0800358a       0x68 Middlewares\Third_Party\FreeRTOS\Source\queue.o
                0x0800358a                xQueueGenericReset
 .text.xQueueGenericCreate
                0x080035f2       0x3a Middlewares\Third_Party\FreeRTOS\Source\queue.o
                0x080035f2                xQueueGenericCreate
 .text.xQueueGenericSend
                0x0800362c      0x11e Middlewares\Third_Party\FreeRTOS\Source\queue.o
                0x0800362c                xQueueGenericSend
 .text.xQueueCreateMutex
                0x0800374a       0x24 Middlewares\Third_Party\FreeRTOS\Source\queue.o
                0x0800374a                xQueueCreateMutex
 .text.xQueueSemaphoreTake
                0x0800376e      0x14c Middlewares\Third_Party\FreeRTOS\Source\queue.o
                0x0800376e                xQueueSemaphoreTake
 *fill*         0x080038ba        0x2 
 .text.prvResetNextTaskUnblockTime
                0x080038bc       0x28 Middlewares\Third_Party\FreeRTOS\Source\tasks.o
 .text.prvAddCurrentTaskToDelayedList
                0x080038e4       0x70 Middlewares\Third_Party\FreeRTOS\Source\tasks.o
 .text.prvIdleTask
                0x08003954       0x58 Middlewares\Third_Party\FreeRTOS\Source\tasks.o
 .text.xTaskCreate
                0x080039ac      0x188 Middlewares\Third_Party\FreeRTOS\Source\tasks.o
                0x080039ac                xTaskCreate
 .text.vTaskStartScheduler
                0x08003b34       0x54 Middlewares\Third_Party\FreeRTOS\Source\tasks.o
                0x08003b34                vTaskStartScheduler
 .text.vTaskSuspendAll
                0x08003b88       0x10 Middlewares\Third_Party\FreeRTOS\Source\tasks.o
                0x08003b88                vTaskSuspendAll
 .text.xTaskGetTickCount
                0x08003b98        0xc Middlewares\Third_Party\FreeRTOS\Source\tasks.o
                0x08003b98                xTaskGetTickCount
 .text.xTaskIncrementTick
                0x08003ba4       0xfc Middlewares\Third_Party\FreeRTOS\Source\tasks.o
                0x08003ba4                xTaskIncrementTick
 .text.xTaskResumeAll
                0x08003ca0       0xd0 Middlewares\Third_Party\FreeRTOS\Source\tasks.o
                0x08003ca0                xTaskResumeAll
 .text.vTaskDelay
                0x08003d70       0x34 Middlewares\Third_Party\FreeRTOS\Source\tasks.o
                0x08003d70                vTaskDelay
 .text.vTaskSwitchContext
                0x08003da4       0x6c Middlewares\Third_Party\FreeRTOS\Source\tasks.o
                0x08003da4                vTaskSwitchContext
 .text.vTaskPlaceOnEventList
                0x08003e10       0x24 Middlewares\Third_Party\FreeRTOS\Source\tasks.o
                0x08003e10                vTaskPlaceOnEventList
 .text.xTaskRemoveFromEventList
                0x08003e34       0x78 Middlewares\Third_Party\FreeRTOS\Source\tasks.o
                0x08003e34                xTaskRemoveFromEventList
 .text.vTaskInternalSetTimeOutState
                0x08003eac       0x18 Middlewares\Third_Party\FreeRTOS\Source\tasks.o
                0x08003eac                vTaskInternalSetTimeOutState
 .text.xTaskCheckForTimeOut
                0x08003ec4       0x64 Middlewares\Third_Party\FreeRTOS\Source\tasks.o
                0x08003ec4                xTaskCheckForTimeOut
 .text.vTaskMissedYield
                0x08003f28        0xc Middlewares\Third_Party\FreeRTOS\Source\tasks.o
                0x08003f28                vTaskMissedYield
 .text.xTaskGetSchedulerState
                0x08003f34       0x20 Middlewares\Third_Party\FreeRTOS\Source\tasks.o
                0x08003f34                xTaskGetSchedulerState
 .text.xTaskPriorityInherit
                0x08003f54       0x7c Middlewares\Third_Party\FreeRTOS\Source\tasks.o
                0x08003f54                xTaskPriorityInherit
 .text.xTaskPriorityDisinherit
                0x08003fd0       0x6c Middlewares\Third_Party\FreeRTOS\Source\tasks.o
                0x08003fd0                xTaskPriorityDisinherit
 .text.vTaskPriorityDisinheritAfterTimeout
                0x0800403c       0x78 Middlewares\Third_Party\FreeRTOS\Source\tasks.o
                0x0800403c                vTaskPriorityDisinheritAfterTimeout
 .text.pvTaskIncrementMutexHeldCount
                0x080040b4       0x18 Middlewares\Third_Party\FreeRTOS\Source\tasks.o
                0x080040b4                pvTaskIncrementMutexHeldCount
 .text.I2C_Transfer
                0x080040cc       0x70 Src\bq25703a_regulator.o
                0x080040cc                I2C_Transfer
 .text.I2C_Receive
                0x0800413c       0x70 Src\bq25703a_regulator.o
                0x0800413c                I2C_Receive
 .text.I2C_Write_Register
                0x080041ac       0x14 Src\bq25703a_regulator.o
                0x080041ac                I2C_Write_Register
 .text.I2C_Write_Two_Byte_Register
                0x080041c0       0x14 Src\bq25703a_regulator.o
                0x080041c0                I2C_Write_Two_Byte_Register
 .text.I2C_Read_Register
                0x080041d4       0x1e Src\bq25703a_regulator.o
                0x080041d4                I2C_Read_Register
 .text.Query_Regulator_Connection
                0x080041f2       0x1e Src\bq25703a_regulator.o
                0x080041f2                Query_Regulator_Connection
 .text.Read_Charge_Status
                0x08004210       0x24 Src\bq25703a_regulator.o
                0x08004210                Read_Charge_Status
 .text.Regulator_Set_ADC_Option
                0x08004234       0x12 Src\bq25703a_regulator.o
                0x08004234                Regulator_Set_ADC_Option
 *fill*         0x08004246        0x2 
 .text.Regulator_Read_ADC
                0x08004248       0xa8 Src\bq25703a_regulator.o
                0x08004248                Regulator_Read_ADC
 .text.Regulator_HI_Z
                0x080042f0       0x1c Src\bq25703a_regulator.o
                0x080042f0                Regulator_HI_Z
 .text.Regulator_Set_Charge_Option_0
                0x0800430c        0xe Src\bq25703a_regulator.o
                0x0800430c                Regulator_Set_Charge_Option_0
 *fill*         0x0800431a        0x2 
 .text.Set_Charge_Current
                0x0800431c       0x2c Src\bq25703a_regulator.o
                0x0800431c                Set_Charge_Current
 .text.Set_Charge_Voltage
                0x08004348       0x56 Src\bq25703a_regulator.o
                0x08004348                Set_Charge_Voltage
 *fill*         0x0800439e        0x2 
 .text.Control_Charger_Output
                0x080043a0       0x1c Src\bq25703a_regulator.o
                0x080043a0                Control_Charger_Output
 .text.vRegulator
                0x080043bc       0x44 Src\bq25703a_regulator.o
                0x080043bc                vRegulator
 .text.StartDefaultTask
                0x08004400        0xa Src\main.o
                0x08004400                StartDefaultTask
 .text.SystemClock_Config
                0x0800440a       0x82 Src\main.o
                0x0800440a                SystemClock_Config
 .text.startup.main
                0x0800448c      0x1c0 Src\main.o
                0x0800448c                main
 .text.HAL_TIM_PeriodElapsedCallback
                0x0800464c       0x12 Src\main.o
                0x0800464c                HAL_TIM_PeriodElapsedCallback
 .text.Error_Handler
                0x0800465e        0x2 Src\main.o
                0x0800465e                Error_Handler
 .text.HAL_MspInit
                0x08004660       0x38 Src\stm32g0xx_hal_msp.o
                0x08004660                HAL_MspInit
 .text.HAL_I2C_MspInit
                0x08004698       0xec Src\stm32g0xx_hal_msp.o
                0x08004698                HAL_I2C_MspInit
 .text.HAL_UART_MspInit
                0x08004784       0x60 Src\stm32g0xx_hal_msp.o
                0x08004784                HAL_UART_MspInit
 .text.HAL_InitTick
                0x080047e4       0x78 Src\stm32g0xx_hal_timebase_tim.o
                0x080047e4                HAL_InitTick
 .text.NMI_Handler
                0x0800485c        0x2 Src\stm32g0xx_it.o
                0x0800485c                NMI_Handler
 .text.HardFault_Handler
                0x0800485e        0x2 Src\stm32g0xx_it.o
                0x0800485e                HardFault_Handler
 .text.DMA1_Ch4_7_DMAMUX1_OVR_IRQHandler
                0x08004860       0x18 Src\stm32g0xx_it.o
                0x08004860                DMA1_Ch4_7_DMAMUX1_OVR_IRQHandler
 .text.TIM2_IRQHandler
                0x08004878       0x10 Src\stm32g0xx_it.o
                0x08004878                TIM2_IRQHandler
 .text.I2C1_IRQHandler
                0x08004888       0x20 Src\stm32g0xx_it.o
                0x08004888                I2C1_IRQHandler
 .text.SystemInit
                0x080048a8       0x10 Src\system_stm32g0xx.o
                0x080048a8                SystemInit
 .text.Reset_Handler
                0x080048b8       0x50 startup\startup_stm32g071xx.o
                0x080048b8                Reset_Handler
 .text.Default_Handler
                0x08004908        0x2 startup\startup_stm32g071xx.o
                0x08004908                USART3_4_LPUART1_IRQHandler
                0x08004908                TIM1_CC_IRQHandler
                0x08004908                ADC1_COMP_IRQHandler
                0x08004908                PVD_IRQHandler
                0x08004908                TIM7_LPTIM2_IRQHandler
                0x08004908                RTC_TAMP_IRQHandler
                0x08004908                SPI1_IRQHandler
                0x08004908                EXTI2_3_IRQHandler
                0x08004908                I2C2_IRQHandler
                0x08004908                TIM17_IRQHandler
                0x08004908                TIM16_IRQHandler
                0x08004908                TIM3_IRQHandler
                0x08004908                EXTI4_15_IRQHandler
                0x08004908                RCC_IRQHandler
                0x08004908                DMA1_Channel1_IRQHandler
                0x08004908                Default_Handler
                0x08004908                CEC_IRQHandler
                0x08004908                TIM14_IRQHandler
                0x08004908                TIM15_IRQHandler
                0x08004908                EXTI0_1_IRQHandler
                0x08004908                SPI2_IRQHandler
                0x08004908                TIM6_DAC_LPTIM1_IRQHandler
                0x08004908                WWDG_IRQHandler
                0x08004908                DMA1_Channel2_3_IRQHandler
                0x08004908                UCPD1_2_IRQHandler
                0x08004908                USART2_IRQHandler
                0x08004908                FLASH_IRQHandler
                0x08004908                USART1_IRQHandler
                0x08004908                TIM1_BRK_UP_TRG_COM_IRQHandler
 *fill*         0x0800490a        0x2 
 .text.__libc_init_array
                0x0800490c       0x48 c:/program files (x86)/atollic/truestudio for stm32 9.3.0/armtools/bin/../lib/gcc/arm-atollic-eabi/6.3.1/../../../../arm-atollic-eabi/lib/armv6-m\libc_nano.a(lib_a-init.o)
                0x0800490c                __libc_init_array
 .text.memcpy   0x08004954       0x12 c:/program files (x86)/atollic/truestudio for stm32 9.3.0/armtools/bin/../lib/gcc/arm-atollic-eabi/6.3.1/../../../../arm-atollic-eabi/lib/armv6-m\libc_nano.a(lib_a-memcpy-stub.o)
                0x08004954                memcpy
 .text.memset   0x08004966       0x10 c:/program files (x86)/atollic/truestudio for stm32 9.3.0/armtools/bin/../lib/gcc/arm-atollic-eabi/6.3.1/../../../../arm-atollic-eabi/lib/armv6-m\libc_nano.a(lib_a-memset.o)
                0x08004966                memset
 *(.glue_7)
 .glue_7        0x08004976        0x0 linker stubs
 *(.glue_7t)
 .glue_7t       0x08004976        0x0 linker stubs
 *(.eh_frame)
 *fill*         0x08004976        0x2 
 .eh_frame      0x08004978        0x0 c:/program files (x86)/atollic/truestudio for stm32 9.3.0/armtools/bin/../lib/gcc/arm-atollic-eabi/6.3.1/armv6-m/crtbegin.o
 *(.init)
 .init          0x08004978        0x4 c:/program files (x86)/atollic/truestudio for stm32 9.3.0/armtools/bin/../lib/gcc/arm-atollic-eabi/6.3.1/armv6-m/crti.o
                0x08004978                _init
 .init          0x0800497c        0x8 c:/program files (x86)/atollic/truestudio for stm32 9.3.0/armtools/bin/../lib/gcc/arm-atollic-eabi/6.3.1/armv6-m/crtn.o
 *(.fini)
 .fini          0x08004984        0x4 c:/program files (x86)/atollic/truestudio for stm32 9.3.0/armtools/bin/../lib/gcc/arm-atollic-eabi/6.3.1/armv6-m/crti.o
                0x08004984                _fini
 .fini          0x08004988        0x8 c:/program files (x86)/atollic/truestudio for stm32 9.3.0/armtools/bin/../lib/gcc/arm-atollic-eabi/6.3.1/armv6-m/crtn.o
                0x08004990                . = ALIGN (0x4)
                0x08004990                _etext = .

.vfp11_veneer   0x08004990        0x0
 .vfp11_veneer  0x08004990        0x0 linker stubs

.v4_bx          0x08004990        0x0
 .v4_bx         0x08004990        0x0 linker stubs

.iplt           0x08004990        0x0
 .iplt          0x08004990        0x0 c:/program files (x86)/atollic/truestudio for stm32 9.3.0/armtools/bin/../lib/gcc/arm-atollic-eabi/6.3.1/armv6-m/crtbegin.o

.rodata         0x08004990       0xb4
                0x08004990                . = ALIGN (0x4)
 *(.rodata)
 .rodata        0x08004990       0x28 Src\main.o
 *(.rodata*)
 .rodata.CSWTCH.256
                0x080049b8        0x4 Drivers\STM32G0xx_HAL_Driver\Src\stm32g0xx_hal_uart.o
 .rodata.CSWTCH.257
                0x080049bc        0xd Drivers\STM32G0xx_HAL_Driver\Src\stm32g0xx_hal_uart.o
 .rodata.vTaskStartScheduler.str1.1
                0x080049c9        0x5 Middlewares\Third_Party\FreeRTOS\Source\tasks.o
 .rodata.str1.1
                0x080049ce       0x16 Src\main.o
 .rodata.AHBPrescTable
                0x080049e4       0x40 Src\system_stm32g0xx.o
                0x080049e4                AHBPrescTable
 .rodata.APBPrescTable
                0x08004a24       0x20 Src\system_stm32g0xx.o
                0x08004a24                APBPrescTable
                0x08004a44                . = ALIGN (0x4)

.ARM.extab
 *(.ARM.extab* .gnu.linkonce.armextab.*)

.ARM            0x08004a44        0x8
                0x08004a44                __exidx_start = .
 *(.ARM.exidx*)
 .ARM.exidx     0x08004a44        0x8 c:/program files (x86)/atollic/truestudio for stm32 9.3.0/armtools/bin/../lib/gcc/arm-atollic-eabi/6.3.1/armv6-m\libgcc.a(_udivmoddi4.o)
                0x08004a4c                __exidx_end = .

.rel.dyn        0x08004a4c        0x0
 .rel.iplt      0x08004a4c        0x0 c:/program files (x86)/atollic/truestudio for stm32 9.3.0/armtools/bin/../lib/gcc/arm-atollic-eabi/6.3.1/armv6-m/crtbegin.o

.preinit_array  0x08004a4c        0x0
                0x08004a4c                PROVIDE (__preinit_array_start, .)
 *(.preinit_array*)
                0x08004a4c                PROVIDE (__preinit_array_end, .)

.init_array     0x08004a4c        0x4
                0x08004a4c                PROVIDE (__init_array_start, .)
 *(SORT(.init_array.*))
 *(.init_array*)
 .init_array    0x08004a4c        0x4 c:/program files (x86)/atollic/truestudio for stm32 9.3.0/armtools/bin/../lib/gcc/arm-atollic-eabi/6.3.1/armv6-m/crtbegin.o
                0x08004a50                PROVIDE (__init_array_end, .)

.fini_array     0x08004a50        0x4
                [!provide]                PROVIDE (__fini_array_start, .)
 *(SORT(.fini_array.*))
 *(.fini_array*)
 .fini_array    0x08004a50        0x4 c:/program files (x86)/atollic/truestudio for stm32 9.3.0/armtools/bin/../lib/gcc/arm-atollic-eabi/6.3.1/armv6-m/crtbegin.o
                [!provide]                PROVIDE (__fini_array_end, .)
                0x08004a54                _sidata = LOADADDR (.data)

.data           0x20000000       0x10 load address 0x08004a54
                0x20000000                . = ALIGN (0x4)
                0x20000000                _sdata = .
 *(.data)
 *(.data*)
 .data.uwTickFreq
                0x20000000        0x4 Drivers\STM32G0xx_HAL_Driver\Src\stm32g0xx_hal.o
                0x20000000                uwTickFreq
 .data.uwTickPrio
                0x20000004        0x4 Drivers\STM32G0xx_HAL_Driver\Src\stm32g0xx_hal.o
                0x20000004                uwTickPrio
 .data.uxCriticalNesting
                0x20000008        0x4 Middlewares\Third_Party\FreeRTOS\Source\portable\GCC\ARM_CM0\port.o
 .data.SystemCoreClock
                0x2000000c        0x4 Src\system_stm32g0xx.o
                0x2000000c                SystemCoreClock
                0x20000010                . = ALIGN (0x4)
                0x20000010                _edata = .

.igot.plt       0x20000010        0x0 load address 0x08004a64
 .igot.plt      0x20000010        0x0 c:/program files (x86)/atollic/truestudio for stm32 9.3.0/armtools/bin/../lib/gcc/arm-atollic-eabi/6.3.1/armv6-m/crtbegin.o
                0x20000010                . = ALIGN (0x4)

.bss            0x20000010      0xf60 load address 0x08004a64
                0x20000010                _sbss = .
                0x20000010                __bss_start__ = _sbss
 *(.bss)
 .bss           0x20000010       0x1c c:/program files (x86)/atollic/truestudio for stm32 9.3.0/armtools/bin/../lib/gcc/arm-atollic-eabi/6.3.1/armv6-m/crtbegin.o
 *(.bss*)
 .bss.pxEnd     0x2000002c        0x4 Middlewares\Third_Party\FreeRTOS\Source\portable\MemMang\heap_4.o
 .bss.ucHeap    0x20000030      0xc00 Middlewares\Third_Party\FreeRTOS\Source\portable\MemMang\heap_4.o
 .bss.xBlockAllocatedBit
                0x20000c30        0x4 Middlewares\Third_Party\FreeRTOS\Source\portable\MemMang\heap_4.o
 .bss.xFreeBytesRemaining
                0x20000c34        0x4 Middlewares\Third_Party\FreeRTOS\Source\portable\MemMang\heap_4.o
 .bss.xMinimumEverFreeBytesRemaining
                0x20000c38        0x4 Middlewares\Third_Party\FreeRTOS\Source\portable\MemMang\heap_4.o
 .bss.xStart    0x20000c3c        0x8 Middlewares\Third_Party\FreeRTOS\Source\portable\MemMang\heap_4.o
 .bss.pxCurrentTCB
                0x20000c44        0x4 Middlewares\Third_Party\FreeRTOS\Source\tasks.o
                0x20000c44                pxCurrentTCB
 .bss.pxDelayedTaskList
                0x20000c48        0x4 Middlewares\Third_Party\FreeRTOS\Source\tasks.o
 .bss.pxOverflowDelayedTaskList
                0x20000c4c        0x4 Middlewares\Third_Party\FreeRTOS\Source\tasks.o
 .bss.pxReadyTasksLists
                0x20000c50       0x8c Middlewares\Third_Party\FreeRTOS\Source\tasks.o
 .bss.uxCurrentNumberOfTasks
                0x20000cdc        0x4 Middlewares\Third_Party\FreeRTOS\Source\tasks.o
 .bss.uxDeletedTasksWaitingCleanUp
                0x20000ce0        0x4 Middlewares\Third_Party\FreeRTOS\Source\tasks.o
 .bss.uxPendedTicks
                0x20000ce4        0x4 Middlewares\Third_Party\FreeRTOS\Source\tasks.o
 .bss.uxSchedulerSuspended
                0x20000ce8        0x4 Middlewares\Third_Party\FreeRTOS\Source\tasks.o
 .bss.uxTaskNumber
                0x20000cec        0x4 Middlewares\Third_Party\FreeRTOS\Source\tasks.o
 .bss.uxTopReadyPriority
                0x20000cf0        0x4 Middlewares\Third_Party\FreeRTOS\Source\tasks.o
 .bss.xDelayedTaskList1
                0x20000cf4       0x14 Middlewares\Third_Party\FreeRTOS\Source\tasks.o
 .bss.xDelayedTaskList2
                0x20000d08       0x14 Middlewares\Third_Party\FreeRTOS\Source\tasks.o
 .bss.xIdleTaskHandle
                0x20000d1c        0x4 Middlewares\Third_Party\FreeRTOS\Source\tasks.o
 .bss.xNextTaskUnblockTime
                0x20000d20        0x4 Middlewares\Third_Party\FreeRTOS\Source\tasks.o
 .bss.xNumOfOverflows
                0x20000d24        0x4 Middlewares\Third_Party\FreeRTOS\Source\tasks.o
 .bss.xPendingReadyList
                0x20000d28       0x14 Middlewares\Third_Party\FreeRTOS\Source\tasks.o
 .bss.xSchedulerRunning
                0x20000d3c        0x4 Middlewares\Third_Party\FreeRTOS\Source\tasks.o
 .bss.xSuspendedTaskList
                0x20000d40       0x14 Middlewares\Third_Party\FreeRTOS\Source\tasks.o
 .bss.xTasksWaitingTermination
                0x20000d54       0x14 Middlewares\Third_Party\FreeRTOS\Source\tasks.o
 .bss.xTickCount
                0x20000d68        0x4 Middlewares\Third_Party\FreeRTOS\Source\tasks.o
 .bss.xYieldPending
                0x20000d6c        0x4 Middlewares\Third_Party\FreeRTOS\Source\tasks.o
 *(COMMON)
 COMMON         0x20000d70        0x4 Drivers\STM32G0xx_HAL_Driver\Src\stm32g0xx_hal.o
                0x20000d70                uwTick
 COMMON         0x20000d74       0x24 Src\bq25703a_regulator.o
                0x20000d74                regulatorTaskHandle
                0x20000d78                regulator
 COMMON         0x20000d98      0x198 Src\main.o
                0x20000d98                defaultTaskHandle
                0x20000d9c                hdma_i2c1_tx
                0x20000df8                hi2c1
                0x20000e44                hlpuart1
                0x20000ed0                hdma_i2c1_rx
                0x20000f2c                xTxMutex_Regulator
 COMMON         0x20000f30       0x40 Src\stm32g0xx_hal_timebase_tim.o
                0x20000f30                htim2
                0x20000f70                . = ALIGN (0x4)
                0x20000f70                _ebss = .
                0x20000f70                __bss_end__ = _ebss

._user_heap_stack
                0x20000f70      0x600 load address 0x08004a64
                0x20000f70                . = ALIGN (0x4)
                0x20000f70                PROVIDE (end, .)
                [!provide]                PROVIDE (_end, .)
                0x20001170                . = (. + _Min_Heap_Size)
 *fill*         0x20000f70      0x200 
                0x20001570                . = (. + _Min_Stack_Size)
 *fill*         0x20001170      0x400 
                0x20001570                . = ALIGN (0x4)

/DISCARD/
 libc.a(*)
 libm.a(*)
 libgcc.a(*)

.ARM.attributes
                0x00000000       0x28
 *(.ARM.attributes)
 .ARM.attributes
                0x00000000       0x1e c:/program files (x86)/atollic/truestudio for stm32 9.3.0/armtools/bin/../lib/gcc/arm-atollic-eabi/6.3.1/armv6-m/crti.o
 .ARM.attributes
                0x0000001e       0x2c c:/program files (x86)/atollic/truestudio for stm32 9.3.0/armtools/bin/../lib/gcc/arm-atollic-eabi/6.3.1/armv6-m/crtbegin.o
 .ARM.attributes
                0x0000004a       0x32 Drivers\STM32G0xx_HAL_Driver\Src\stm32g0xx_hal.o
 .ARM.attributes
                0x0000007c       0x32 Drivers\STM32G0xx_HAL_Driver\Src\stm32g0xx_hal_cortex.o
 .ARM.attributes
                0x000000ae       0x32 Drivers\STM32G0xx_HAL_Driver\Src\stm32g0xx_hal_dma.o
 .ARM.attributes
                0x000000e0       0x32 Drivers\STM32G0xx_HAL_Driver\Src\stm32g0xx_hal_gpio.o
 .ARM.attributes
                0x00000112       0x32 Drivers\STM32G0xx_HAL_Driver\Src\stm32g0xx_hal_i2c.o
 .ARM.attributes
                0x00000144       0x32 Drivers\STM32G0xx_HAL_Driver\Src\stm32g0xx_hal_i2c_ex.o
 .ARM.attributes
                0x00000176       0x32 Drivers\STM32G0xx_HAL_Driver\Src\stm32g0xx_hal_pwr_ex.o
 .ARM.attributes
                0x000001a8       0x32 Drivers\STM32G0xx_HAL_Driver\Src\stm32g0xx_hal_rcc.o
 .ARM.attributes
                0x000001da       0x32 Drivers\STM32G0xx_HAL_Driver\Src\stm32g0xx_hal_rcc_ex.o
 .ARM.attributes
                0x0000020c       0x32 Drivers\STM32G0xx_HAL_Driver\Src\stm32g0xx_hal_tim.o
 .ARM.attributes
                0x0000023e       0x32 Drivers\STM32G0xx_HAL_Driver\Src\stm32g0xx_hal_tim_ex.o
 .ARM.attributes
                0x00000270       0x32 Drivers\STM32G0xx_HAL_Driver\Src\stm32g0xx_hal_uart.o
 .ARM.attributes
                0x000002a2       0x32 Drivers\STM32G0xx_HAL_Driver\Src\stm32g0xx_hal_uart_ex.o
 .ARM.attributes
                0x000002d4       0x32 Middlewares\Third_Party\FreeRTOS\Source\CMSIS_RTOS\cmsis_os.o
 .ARM.attributes
                0x00000306       0x32 Middlewares\Third_Party\FreeRTOS\Source\list.o
 .ARM.attributes
                0x00000338       0x32 Middlewares\Third_Party\FreeRTOS\Source\portable\GCC\ARM_CM0\port.o
 .ARM.attributes
                0x0000036a       0x32 Middlewares\Third_Party\FreeRTOS\Source\portable\MemMang\heap_4.o
 .ARM.attributes
                0x0000039c       0x32 Middlewares\Third_Party\FreeRTOS\Source\queue.o
 .ARM.attributes
                0x000003ce       0x32 Middlewares\Third_Party\FreeRTOS\Source\tasks.o
 .ARM.attributes
                0x00000400       0x32 Src\bq25703a_regulator.o
 .ARM.attributes
                0x00000432       0x32 Src\main.o
 .ARM.attributes
                0x00000464       0x32 Src\stm32g0xx_hal_msp.o
 .ARM.attributes
                0x00000496       0x32 Src\stm32g0xx_hal_timebase_tim.o
 .ARM.attributes
                0x000004c8       0x32 Src\stm32g0xx_it.o
 .ARM.attributes
                0x000004fa       0x32 Src\system_stm32g0xx.o
 .ARM.attributes
                0x0000052c       0x21 startup\startup_stm32g071xx.o
 .ARM.attributes
                0x0000054d       0x2c c:/program files (x86)/atollic/truestudio for stm32 9.3.0/armtools/bin/../lib/gcc/arm-atollic-eabi/6.3.1/../../../../arm-atollic-eabi/lib/armv6-m\libc_nano.a(lib_a-init.o)
 .ARM.attributes
                0x00000579       0x2c c:/program files (x86)/atollic/truestudio for stm32 9.3.0/armtools/bin/../lib/gcc/arm-atollic-eabi/6.3.1/../../../../arm-atollic-eabi/lib/armv6-m\libc_nano.a(lib_a-memcpy-stub.o)
 .ARM.attributes
                0x000005a5       0x2c c:/program files (x86)/atollic/truestudio for stm32 9.3.0/armtools/bin/../lib/gcc/arm-atollic-eabi/6.3.1/../../../../arm-atollic-eabi/lib/armv6-m\libc_nano.a(lib_a-memset.o)
 .ARM.attributes
                0x000005d1       0x1e c:/program files (x86)/atollic/truestudio for stm32 9.3.0/armtools/bin/../lib/gcc/arm-atollic-eabi/6.3.1/armv6-m\libgcc.a(_thumb1_case_uqi.o)
 .ARM.attributes
                0x000005ef       0x1e c:/program files (x86)/atollic/truestudio for stm32 9.3.0/armtools/bin/../lib/gcc/arm-atollic-eabi/6.3.1/armv6-m\libgcc.a(_thumb1_case_uhi.o)
 .ARM.attributes
                0x0000060d       0x1e c:/program files (x86)/atollic/truestudio for stm32 9.3.0/armtools/bin/../lib/gcc/arm-atollic-eabi/6.3.1/armv6-m\libgcc.a(_udivsi3.o)
 .ARM.attributes
                0x0000062b       0x1e c:/program files (x86)/atollic/truestudio for stm32 9.3.0/armtools/bin/../lib/gcc/arm-atollic-eabi/6.3.1/armv6-m\libgcc.a(_divsi3.o)
 .ARM.attributes
                0x00000649       0x1e c:/program files (x86)/atollic/truestudio for stm32 9.3.0/armtools/bin/../lib/gcc/arm-atollic-eabi/6.3.1/armv6-m\libgcc.a(_dvmd_tls.o)
 .ARM.attributes
                0x00000667       0x1e c:/program files (x86)/atollic/truestudio for stm32 9.3.0/armtools/bin/../lib/gcc/arm-atollic-eabi/6.3.1/armv6-m\libgcc.a(_aeabi_uldivmod.o)
 .ARM.attributes
                0x00000685       0x2c c:/program files (x86)/atollic/truestudio for stm32 9.3.0/armtools/bin/../lib/gcc/arm-atollic-eabi/6.3.1/armv6-m\libgcc.a(_udivmoddi4.o)
 .ARM.attributes
                0x000006b1       0x1e c:/program files (x86)/atollic/truestudio for stm32 9.3.0/armtools/bin/../lib/gcc/arm-atollic-eabi/6.3.1/armv6-m\libgcc.a(_clzdi2.o)
 .ARM.attributes
                0x000006cf       0x1e c:/program files (x86)/atollic/truestudio for stm32 9.3.0/armtools/bin/../lib/gcc/arm-atollic-eabi/6.3.1/armv6-m\libgcc.a(_clzsi2.o)
 .ARM.attributes
                0x000006ed       0x1e c:/program files (x86)/atollic/truestudio for stm32 9.3.0/armtools/bin/../lib/gcc/arm-atollic-eabi/6.3.1/armv6-m/crtn.o
OUTPUT(BQ25703A_Module_STM32G0_Test_Firmware.elf elf32-littlearm)

.debug_info     0x00000000    0x1e1a5
 .debug_info    0x00000000      0xaeb Drivers\STM32G0xx_HAL_Driver\Src\stm32g0xx_hal.o
 .debug_info    0x00000aeb      0xa52 Drivers\STM32G0xx_HAL_Driver\Src\stm32g0xx_hal_cortex.o
 .debug_info    0x0000153d      0x9e4 Drivers\STM32G0xx_HAL_Driver\Src\stm32g0xx_hal_dma.o
 .debug_info    0x00001f21      0x6a6 Drivers\STM32G0xx_HAL_Driver\Src\stm32g0xx_hal_gpio.o
 .debug_info    0x000025c7     0x397b Drivers\STM32G0xx_HAL_Driver\Src\stm32g0xx_hal_i2c.o
 .debug_info    0x00005f42      0xa82 Drivers\STM32G0xx_HAL_Driver\Src\stm32g0xx_hal_i2c_ex.o
 .debug_info    0x000069c4      0x681 Drivers\STM32G0xx_HAL_Driver\Src\stm32g0xx_hal_pwr_ex.o
 .debug_info    0x00007045      0xcd4 Drivers\STM32G0xx_HAL_Driver\Src\stm32g0xx_hal_rcc.o
 .debug_info    0x00007d19      0x8e2 Drivers\STM32G0xx_HAL_Driver\Src\stm32g0xx_hal_rcc_ex.o
 .debug_info    0x000085fb     0x3634 Drivers\STM32G0xx_HAL_Driver\Src\stm32g0xx_hal_tim.o
 .debug_info    0x0000bc2f     0x1696 Drivers\STM32G0xx_HAL_Driver\Src\stm32g0xx_hal_tim_ex.o
 .debug_info    0x0000d2c5     0x1f82 Drivers\STM32G0xx_HAL_Driver\Src\stm32g0xx_hal_uart.o
 .debug_info    0x0000f247      0xc9c Drivers\STM32G0xx_HAL_Driver\Src\stm32g0xx_hal_uart_ex.o
 .debug_info    0x0000fee3     0x24e4 Middlewares\Third_Party\FreeRTOS\Source\CMSIS_RTOS\cmsis_os.o
 .debug_info    0x000123c7      0xac5 Middlewares\Third_Party\FreeRTOS\Source\list.o
 .debug_info    0x00012e8c      0x2d4 Middlewares\Third_Party\FreeRTOS\Source\portable\GCC\ARM_CM0\port.o
 .debug_info    0x00013160      0xba8 Middlewares\Third_Party\FreeRTOS\Source\portable\MemMang\heap_4.o
 .debug_info    0x00013d08     0x1f1c Middlewares\Third_Party\FreeRTOS\Source\queue.o
 .debug_info    0x00015c24     0x246f Middlewares\Third_Party\FreeRTOS\Source\tasks.o
 .debug_info    0x00018093     0x1b73 Src\bq25703a_regulator.o
 .debug_info    0x00019c06     0x19e0 Src\main.o
 .debug_info    0x0001b5e6     0x10af Src\stm32g0xx_hal_msp.o
 .debug_info    0x0001c695      0xb32 Src\stm32g0xx_hal_timebase_tim.o
 .debug_info    0x0001d1c7      0xb11 Src\stm32g0xx_it.o
 .debug_info    0x0001dcd8      0x43c Src\system_stm32g0xx.o
 .debug_info    0x0001e114       0x91 startup\startup_stm32g071xx.o

.debug_abbrev   0x00000000     0x4071
 .debug_abbrev  0x00000000      0x2b5 Drivers\STM32G0xx_HAL_Driver\Src\stm32g0xx_hal.o
 .debug_abbrev  0x000002b5      0x266 Drivers\STM32G0xx_HAL_Driver\Src\stm32g0xx_hal_cortex.o
 .debug_abbrev  0x0000051b      0x28c Drivers\STM32G0xx_HAL_Driver\Src\stm32g0xx_hal_dma.o
 .debug_abbrev  0x000007a7      0x233 Drivers\STM32G0xx_HAL_Driver\Src\stm32g0xx_hal_gpio.o
 .debug_abbrev  0x000009da      0x334 Drivers\STM32G0xx_HAL_Driver\Src\stm32g0xx_hal_i2c.o
 .debug_abbrev  0x00000d0e      0x1dd Drivers\STM32G0xx_HAL_Driver\Src\stm32g0xx_hal_i2c_ex.o
 .debug_abbrev  0x00000eeb      0x22f Drivers\STM32G0xx_HAL_Driver\Src\stm32g0xx_hal_pwr_ex.o
 .debug_abbrev  0x0000111a      0x2b0 Drivers\STM32G0xx_HAL_Driver\Src\stm32g0xx_hal_rcc.o
 .debug_abbrev  0x000013ca      0x220 Drivers\STM32G0xx_HAL_Driver\Src\stm32g0xx_hal_rcc_ex.o
 .debug_abbrev  0x000015ea      0x332 Drivers\STM32G0xx_HAL_Driver\Src\stm32g0xx_hal_tim.o
 .debug_abbrev  0x0000191c      0x2ab Drivers\STM32G0xx_HAL_Driver\Src\stm32g0xx_hal_tim_ex.o
 .debug_abbrev  0x00001bc7      0x321 Drivers\STM32G0xx_HAL_Driver\Src\stm32g0xx_hal_uart.o
 .debug_abbrev  0x00001ee8      0x28b Drivers\STM32G0xx_HAL_Driver\Src\stm32g0xx_hal_uart_ex.o
 .debug_abbrev  0x00002173      0x425 Middlewares\Third_Party\FreeRTOS\Source\CMSIS_RTOS\cmsis_os.o
 .debug_abbrev  0x00002598      0x1ea Middlewares\Third_Party\FreeRTOS\Source\list.o
 .debug_abbrev  0x00002782      0x1d5 Middlewares\Third_Party\FreeRTOS\Source\portable\GCC\ARM_CM0\port.o
 .debug_abbrev  0x00002957      0x2ce Middlewares\Third_Party\FreeRTOS\Source\portable\MemMang\heap_4.o
 .debug_abbrev  0x00002c25      0x36d Middlewares\Third_Party\FreeRTOS\Source\queue.o
 .debug_abbrev  0x00002f92      0x3bf Middlewares\Third_Party\FreeRTOS\Source\tasks.o
 .debug_abbrev  0x00003351      0x380 Src\bq25703a_regulator.o
 .debug_abbrev  0x000036d1      0x2e4 Src\main.o
 .debug_abbrev  0x000039b5      0x1d6 Src\stm32g0xx_hal_msp.o
 .debug_abbrev  0x00003b8b      0x207 Src\stm32g0xx_hal_timebase_tim.o
 .debug_abbrev  0x00003d92      0x18b Src\stm32g0xx_it.o
 .debug_abbrev  0x00003f1d      0x142 Src\system_stm32g0xx.o
 .debug_abbrev  0x0000405f       0x12 startup\startup_stm32g071xx.o

.debug_loc      0x00000000    0x10728
 .debug_loc     0x00000000      0x216 Drivers\STM32G0xx_HAL_Driver\Src\stm32g0xx_hal.o
 .debug_loc     0x00000216      0x3ed Drivers\STM32G0xx_HAL_Driver\Src\stm32g0xx_hal_cortex.o
 .debug_loc     0x00000603      0x6ba Drivers\STM32G0xx_HAL_Driver\Src\stm32g0xx_hal_dma.o
 .debug_loc     0x00000cbd      0x2fb Drivers\STM32G0xx_HAL_Driver\Src\stm32g0xx_hal_gpio.o
 .debug_loc     0x00000fb8     0x3bdb Drivers\STM32G0xx_HAL_Driver\Src\stm32g0xx_hal_i2c.o
 .debug_loc     0x00004b93      0x1bc Drivers\STM32G0xx_HAL_Driver\Src\stm32g0xx_hal_i2c_ex.o
 .debug_loc     0x00004d4f      0x2f4 Drivers\STM32G0xx_HAL_Driver\Src\stm32g0xx_hal_pwr_ex.o
 .debug_loc     0x00005043      0x4d7 Drivers\STM32G0xx_HAL_Driver\Src\stm32g0xx_hal_rcc.o
 .debug_loc     0x0000551a      0x4c5 Drivers\STM32G0xx_HAL_Driver\Src\stm32g0xx_hal_rcc_ex.o
 .debug_loc     0x000059df     0x39dd Drivers\STM32G0xx_HAL_Driver\Src\stm32g0xx_hal_tim.o
 .debug_loc     0x000093bc     0x1142 Drivers\STM32G0xx_HAL_Driver\Src\stm32g0xx_hal_tim_ex.o
 .debug_loc     0x0000a4fe     0x1b0e Drivers\STM32G0xx_HAL_Driver\Src\stm32g0xx_hal_uart.o
 .debug_loc     0x0000c00c      0x465 Drivers\STM32G0xx_HAL_Driver\Src\stm32g0xx_hal_uart_ex.o
 .debug_loc     0x0000c471      0xfa0 Middlewares\Third_Party\FreeRTOS\Source\CMSIS_RTOS\cmsis_os.o
 .debug_loc     0x0000d411       0x94 Middlewares\Third_Party\FreeRTOS\Source\list.o
 .debug_loc     0x0000d4a5       0xb4 Middlewares\Third_Party\FreeRTOS\Source\portable\GCC\ARM_CM0\port.o
 .debug_loc     0x0000d559      0x2de Middlewares\Third_Party\FreeRTOS\Source\portable\MemMang\heap_4.o
 .debug_loc     0x0000d837     0x1581 Middlewares\Third_Party\FreeRTOS\Source\queue.o
 .debug_loc     0x0000edb8     0x13a8 Middlewares\Third_Party\FreeRTOS\Source\tasks.o
 .debug_loc     0x00010160      0x3a6 Src\bq25703a_regulator.o
 .debug_loc     0x00010506       0x42 Src\main.o
 .debug_loc     0x00010548       0xa5 Src\stm32g0xx_hal_msp.o
 .debug_loc     0x000105ed       0x7a Src\stm32g0xx_hal_timebase_tim.o
 .debug_loc     0x00010667       0xc1 Src\system_stm32g0xx.o

.debug_aranges  0x00000000     0x1360
 .debug_aranges
                0x00000000      0x118 Drivers\STM32G0xx_HAL_Driver\Src\stm32g0xx_hal.o
 .debug_aranges
                0x00000118       0x90 Drivers\STM32G0xx_HAL_Driver\Src\stm32g0xx_hal_cortex.o
 .debug_aranges
                0x000001a8       0x88 Drivers\STM32G0xx_HAL_Driver\Src\stm32g0xx_hal_dma.o
 .debug_aranges
                0x00000230       0x58 Drivers\STM32G0xx_HAL_Driver\Src\stm32g0xx_hal_gpio.o
 .debug_aranges
                0x00000288      0x238 Drivers\STM32G0xx_HAL_Driver\Src\stm32g0xx_hal_i2c.o
 .debug_aranges
                0x000004c0       0x48 Drivers\STM32G0xx_HAL_Driver\Src\stm32g0xx_hal_i2c_ex.o
 .debug_aranges
                0x00000508       0xc0 Drivers\STM32G0xx_HAL_Driver\Src\stm32g0xx_hal_pwr_ex.o
 .debug_aranges
                0x000005c8       0x88 Drivers\STM32G0xx_HAL_Driver\Src\stm32g0xx_hal_rcc.o
 .debug_aranges
                0x00000650       0x40 Drivers\STM32G0xx_HAL_Driver\Src\stm32g0xx_hal_rcc_ex.o
 .debug_aranges
                0x00000690      0x288 Drivers\STM32G0xx_HAL_Driver\Src\stm32g0xx_hal_tim.o
 .debug_aranges
                0x00000918      0x120 Drivers\STM32G0xx_HAL_Driver\Src\stm32g0xx_hal_tim_ex.o
 .debug_aranges
                0x00000a38      0x1c0 Drivers\STM32G0xx_HAL_Driver\Src\stm32g0xx_hal_uart.o
 .debug_aranges
                0x00000bf8       0x70 Drivers\STM32G0xx_HAL_Driver\Src\stm32g0xx_hal_uart_ex.o
 .debug_aranges
                0x00000c68      0x190 Middlewares\Third_Party\FreeRTOS\Source\CMSIS_RTOS\cmsis_os.o
 .debug_aranges
                0x00000df8       0x40 Middlewares\Third_Party\FreeRTOS\Source\list.o
 .debug_aranges
                0x00000e38       0x80 Middlewares\Third_Party\FreeRTOS\Source\portable\GCC\ARM_CM0\port.o
 .debug_aranges
                0x00000eb8       0x48 Middlewares\Third_Party\FreeRTOS\Source\portable\MemMang\heap_4.o
 .debug_aranges
                0x00000f00       0xd8 Middlewares\Third_Party\FreeRTOS\Source\queue.o
 .debug_aranges
                0x00000fd8      0x170 Middlewares\Third_Party\FreeRTOS\Source\tasks.o
 .debug_aranges
                0x00001148       0xd8 Src\bq25703a_regulator.o
 .debug_aranges
                0x00001220       0x40 Src\main.o
 .debug_aranges
                0x00001260       0x40 Src\stm32g0xx_hal_msp.o
 .debug_aranges
                0x000012a0       0x30 Src\stm32g0xx_hal_timebase_tim.o
 .debug_aranges
                0x000012d0       0x40 Src\stm32g0xx_it.o
 .debug_aranges
                0x00001310       0x28 Src\system_stm32g0xx.o
 .debug_aranges
                0x00001338       0x28 startup\startup_stm32g071xx.o

.debug_ranges   0x00000000     0x1a70
 .debug_ranges  0x00000000      0x108 Drivers\STM32G0xx_HAL_Driver\Src\stm32g0xx_hal.o
 .debug_ranges  0x00000108      0x138 Drivers\STM32G0xx_HAL_Driver\Src\stm32g0xx_hal_cortex.o
 .debug_ranges  0x00000240       0x90 Drivers\STM32G0xx_HAL_Driver\Src\stm32g0xx_hal_dma.o
 .debug_ranges  0x000002d0       0x48 Drivers\STM32G0xx_HAL_Driver\Src\stm32g0xx_hal_gpio.o
 .debug_ranges  0x00000318      0x288 Drivers\STM32G0xx_HAL_Driver\Src\stm32g0xx_hal_i2c.o
 .debug_ranges  0x000005a0       0x78 Drivers\STM32G0xx_HAL_Driver\Src\stm32g0xx_hal_i2c_ex.o
 .debug_ranges  0x00000618       0xb0 Drivers\STM32G0xx_HAL_Driver\Src\stm32g0xx_hal_pwr_ex.o
 .debug_ranges  0x000006c8       0xe8 Drivers\STM32G0xx_HAL_Driver\Src\stm32g0xx_hal_rcc.o
 .debug_ranges  0x000007b0       0x90 Drivers\STM32G0xx_HAL_Driver\Src\stm32g0xx_hal_rcc_ex.o
 .debug_ranges  0x00000840      0x458 Drivers\STM32G0xx_HAL_Driver\Src\stm32g0xx_hal_tim.o
 .debug_ranges  0x00000c98      0x110 Drivers\STM32G0xx_HAL_Driver\Src\stm32g0xx_hal_tim_ex.o
 .debug_ranges  0x00000da8      0x1b0 Drivers\STM32G0xx_HAL_Driver\Src\stm32g0xx_hal_uart.o
 .debug_ranges  0x00000f58       0x60 Drivers\STM32G0xx_HAL_Driver\Src\stm32g0xx_hal_uart_ex.o
 .debug_ranges  0x00000fb8      0x180 Middlewares\Third_Party\FreeRTOS\Source\CMSIS_RTOS\cmsis_os.o
 .debug_ranges  0x00001138       0x30 Middlewares\Third_Party\FreeRTOS\Source\list.o
 .debug_ranges  0x00001168       0x90 Middlewares\Third_Party\FreeRTOS\Source\portable\GCC\ARM_CM0\port.o
 .debug_ranges  0x000011f8       0x50 Middlewares\Third_Party\FreeRTOS\Source\portable\MemMang\heap_4.o
 .debug_ranges  0x00001248      0x218 Middlewares\Third_Party\FreeRTOS\Source\queue.o
 .debug_ranges  0x00001460      0x268 Middlewares\Third_Party\FreeRTOS\Source\tasks.o
 .debug_ranges  0x000016c8       0xe0 Src\bq25703a_regulator.o
 .debug_ranges  0x000017a8      0x118 Src\main.o
 .debug_ranges  0x000018c0      0x100 Src\stm32g0xx_hal_msp.o
 .debug_ranges  0x000019c0       0x48 Src\stm32g0xx_hal_timebase_tim.o
 .debug_ranges  0x00001a08       0x30 Src\stm32g0xx_it.o
 .debug_ranges  0x00001a38       0x18 Src\system_stm32g0xx.o
 .debug_ranges  0x00001a50       0x20 startup\startup_stm32g071xx.o

.debug_line     0x00000000     0xb207
 .debug_line    0x00000000      0x4e8 Drivers\STM32G0xx_HAL_Driver\Src\stm32g0xx_hal.o
 .debug_line    0x000004e8      0x472 Drivers\STM32G0xx_HAL_Driver\Src\stm32g0xx_hal_cortex.o
 .debug_line    0x0000095a      0x528 Drivers\STM32G0xx_HAL_Driver\Src\stm32g0xx_hal_dma.o
 .debug_line    0x00000e82      0x39b Drivers\STM32G0xx_HAL_Driver\Src\stm32g0xx_hal_gpio.o
 .debug_line    0x0000121d     0x1a0f Drivers\STM32G0xx_HAL_Driver\Src\stm32g0xx_hal_i2c.o
 .debug_line    0x00002c2c      0x397 Drivers\STM32G0xx_HAL_Driver\Src\stm32g0xx_hal_i2c_ex.o
 .debug_line    0x00002fc3      0x439 Drivers\STM32G0xx_HAL_Driver\Src\stm32g0xx_hal_pwr_ex.o
 .debug_line    0x000033fc      0x5f1 Drivers\STM32G0xx_HAL_Driver\Src\stm32g0xx_hal_rcc.o
 .debug_line    0x000039ed      0x511 Drivers\STM32G0xx_HAL_Driver\Src\stm32g0xx_hal_rcc_ex.o
 .debug_line    0x00003efe     0x14a6 Drivers\STM32G0xx_HAL_Driver\Src\stm32g0xx_hal_tim.o
 .debug_line    0x000053a4      0x851 Drivers\STM32G0xx_HAL_Driver\Src\stm32g0xx_hal_tim_ex.o
 .debug_line    0x00005bf5     0x1368 Drivers\STM32G0xx_HAL_Driver\Src\stm32g0xx_hal_uart.o
 .debug_line    0x00006f5d      0x4e5 Drivers\STM32G0xx_HAL_Driver\Src\stm32g0xx_hal_uart_ex.o
 .debug_line    0x00007442      0x8ac Middlewares\Third_Party\FreeRTOS\Source\CMSIS_RTOS\cmsis_os.o
 .debug_line    0x00007cee      0x37c Middlewares\Third_Party\FreeRTOS\Source\list.o
 .debug_line    0x0000806a      0x306 Middlewares\Third_Party\FreeRTOS\Source\portable\GCC\ARM_CM0\port.o
 .debug_line    0x00008370      0x3b6 Middlewares\Third_Party\FreeRTOS\Source\portable\MemMang\heap_4.o
 .debug_line    0x00008726      0x8a0 Middlewares\Third_Party\FreeRTOS\Source\queue.o
 .debug_line    0x00008fc6      0xbee Middlewares\Third_Party\FreeRTOS\Source\tasks.o
 .debug_line    0x00009bb4      0x62b Src\bq25703a_regulator.o
 .debug_line    0x0000a1df      0x4f1 Src\main.o
 .debug_line    0x0000a6d0      0x337 Src\stm32g0xx_hal_msp.o
 .debug_line    0x0000aa07      0x2a8 Src\stm32g0xx_hal_timebase_tim.o
 .debug_line    0x0000acaf      0x279 Src\stm32g0xx_it.o
 .debug_line    0x0000af28      0x25d Src\system_stm32g0xx.o
 .debug_line    0x0000b185       0x82 startup\startup_stm32g071xx.o

.debug_str      0x00000000     0x70cb
 .debug_str     0x00000000      0x92b Drivers\STM32G0xx_HAL_Driver\Src\stm32g0xx_hal.o
                                0x9af (size before relaxing)
 .debug_str     0x0000092b      0x2ba Drivers\STM32G0xx_HAL_Driver\Src\stm32g0xx_hal_cortex.o
                                0x852 (size before relaxing)
 .debug_str     0x00000be5      0x4fd Drivers\STM32G0xx_HAL_Driver\Src\stm32g0xx_hal_dma.o
                                0x818 (size before relaxing)
 .debug_str     0x000010e2      0x1fc Drivers\STM32G0xx_HAL_Driver\Src\stm32g0xx_hal_gpio.o
                                0x4ec (size before relaxing)
 .debug_str     0x000012de      0xae3 Drivers\STM32G0xx_HAL_Driver\Src\stm32g0xx_hal_i2c.o
                               0x10ca (size before relaxing)
 .debug_str     0x00001dc1       0xfa Drivers\STM32G0xx_HAL_Driver\Src\stm32g0xx_hal_i2c_ex.o
                                0x9e3 (size before relaxing)
 .debug_str     0x00001ebb      0x364 Drivers\STM32G0xx_HAL_Driver\Src\stm32g0xx_hal_pwr_ex.o
                                0x666 (size before relaxing)
 .debug_str     0x0000221f      0x32b Drivers\STM32G0xx_HAL_Driver\Src\stm32g0xx_hal_rcc.o
                                0x811 (size before relaxing)
 .debug_str     0x0000254a      0x259 Drivers\STM32G0xx_HAL_Driver\Src\stm32g0xx_hal_rcc_ex.o
                                0x710 (size before relaxing)
 .debug_str     0x000027a3     0x107c Drivers\STM32G0xx_HAL_Driver\Src\stm32g0xx_hal_tim.o
                               0x164d (size before relaxing)
 .debug_str     0x0000381f      0x6a2 Drivers\STM32G0xx_HAL_Driver\Src\stm32g0xx_hal_tim_ex.o
                                0xfec (size before relaxing)
 .debug_str     0x00003ec1      0x96e Drivers\STM32G0xx_HAL_Driver\Src\stm32g0xx_hal_uart.o
                               0x108d (size before relaxing)
 .debug_str     0x0000482f      0x227 Drivers\STM32G0xx_HAL_Driver\Src\stm32g0xx_hal_uart_ex.o
                                0xa95 (size before relaxing)
 .debug_str     0x00004a56      0xf15 Middlewares\Third_Party\FreeRTOS\Source\CMSIS_RTOS\cmsis_os.o
                               0x120a (size before relaxing)
 .debug_str     0x0000596b      0x159 Middlewares\Third_Party\FreeRTOS\Source\list.o
                                0x74d (size before relaxing)
 .debug_str     0x00005ac4      0x15d Middlewares\Third_Party\FreeRTOS\Source\portable\GCC\ARM_CM0\port.o
                                0x3b9 (size before relaxing)
 .debug_str     0x00005c21      0x1e8 Middlewares\Third_Party\FreeRTOS\Source\portable\MemMang\heap_4.o
                                0x817 (size before relaxing)
 .debug_str     0x00005e09      0x510 Middlewares\Third_Party\FreeRTOS\Source\queue.o
                                0xdbf (size before relaxing)
 .debug_str     0x00006319      0x71c Middlewares\Third_Party\FreeRTOS\Source\tasks.o
                               0x126e (size before relaxing)
 .debug_str     0x00006a35      0x493 Src\bq25703a_regulator.o
                               0x122b (size before relaxing)
 .debug_str     0x00006ec8       0xe7 Src\main.o
                               0x159c (size before relaxing)
 .debug_str     0x00006faf       0x1b Src\stm32g0xx_hal_msp.o
                                0xe2c (size before relaxing)
 .debug_str     0x00006fca       0x50 Src\stm32g0xx_hal_timebase_tim.o
                                0xb4f (size before relaxing)
 .debug_str     0x0000701a       0x76 Src\stm32g0xx_it.o
                                0xafc (size before relaxing)
 .debug_str     0x00007090       0x3b Src\system_stm32g0xx.o
                                0x3a9 (size before relaxing)

.comment        0x00000000       0x7c
 .comment       0x00000000       0x7c Drivers\STM32G0xx_HAL_Driver\Src\stm32g0xx_hal.o
                                 0x7d (size before relaxing)
 .comment       0x0000007c       0x7d Drivers\STM32G0xx_HAL_Driver\Src\stm32g0xx_hal_cortex.o
 .comment       0x0000007c       0x7d Drivers\STM32G0xx_HAL_Driver\Src\stm32g0xx_hal_dma.o
 .comment       0x0000007c       0x7d Drivers\STM32G0xx_HAL_Driver\Src\stm32g0xx_hal_gpio.o
 .comment       0x0000007c       0x7d Drivers\STM32G0xx_HAL_Driver\Src\stm32g0xx_hal_i2c.o
 .comment       0x0000007c       0x7d Drivers\STM32G0xx_HAL_Driver\Src\stm32g0xx_hal_i2c_ex.o
 .comment       0x0000007c       0x7d Drivers\STM32G0xx_HAL_Driver\Src\stm32g0xx_hal_pwr_ex.o
 .comment       0x0000007c       0x7d Drivers\STM32G0xx_HAL_Driver\Src\stm32g0xx_hal_rcc.o
 .comment       0x0000007c       0x7d Drivers\STM32G0xx_HAL_Driver\Src\stm32g0xx_hal_rcc_ex.o
 .comment       0x0000007c       0x7d Drivers\STM32G0xx_HAL_Driver\Src\stm32g0xx_hal_tim.o
 .comment       0x0000007c       0x7d Drivers\STM32G0xx_HAL_Driver\Src\stm32g0xx_hal_tim_ex.o
 .comment       0x0000007c       0x7d Drivers\STM32G0xx_HAL_Driver\Src\stm32g0xx_hal_uart.o
 .comment       0x0000007c       0x7d Drivers\STM32G0xx_HAL_Driver\Src\stm32g0xx_hal_uart_ex.o
 .comment       0x0000007c       0x7d Middlewares\Third_Party\FreeRTOS\Source\CMSIS_RTOS\cmsis_os.o
 .comment       0x0000007c       0x7d Middlewares\Third_Party\FreeRTOS\Source\list.o
 .comment       0x0000007c       0x7d Middlewares\Third_Party\FreeRTOS\Source\portable\GCC\ARM_CM0\port.o
 .comment       0x0000007c       0x7d Middlewares\Third_Party\FreeRTOS\Source\portable\MemMang\heap_4.o
 .comment       0x0000007c       0x7d Middlewares\Third_Party\FreeRTOS\Source\queue.o
 .comment       0x0000007c       0x7d Middlewares\Third_Party\FreeRTOS\Source\tasks.o
 .comment       0x0000007c       0x7d Src\bq25703a_regulator.o
 .comment       0x0000007c       0x7d Src\main.o
 .comment       0x0000007c       0x7d Src\stm32g0xx_hal_msp.o
 .comment       0x0000007c       0x7d Src\stm32g0xx_hal_timebase_tim.o
 .comment       0x0000007c       0x7d Src\stm32g0xx_it.o
 .comment       0x0000007c       0x7d Src\system_stm32g0xx.o

.debug_frame    0x00000000     0x3bfc
 .debug_frame   0x00000000      0x260 Drivers\STM32G0xx_HAL_Driver\Src\stm32g0xx_hal.o
 .debug_frame   0x00000260      0x11c Drivers\STM32G0xx_HAL_Driver\Src\stm32g0xx_hal_cortex.o
 .debug_frame   0x0000037c      0x1a0 Drivers\STM32G0xx_HAL_Driver\Src\stm32g0xx_hal_dma.o
 .debug_frame   0x0000051c       0xd0 Drivers\STM32G0xx_HAL_Driver\Src\stm32g0xx_hal_gpio.o
 .debug_frame   0x000005ec      0x85c Drivers\STM32G0xx_HAL_Driver\Src\stm32g0xx_hal_i2c.o
 .debug_frame   0x00000e48       0xc0 Drivers\STM32G0xx_HAL_Driver\Src\stm32g0xx_hal_i2c_ex.o
 .debug_frame   0x00000f08      0x190 Drivers\STM32G0xx_HAL_Driver\Src\stm32g0xx_hal_pwr_ex.o
 .debug_frame   0x00001098      0x160 Drivers\STM32G0xx_HAL_Driver\Src\stm32g0xx_hal_rcc.o
 .debug_frame   0x000011f8       0xa0 Drivers\STM32G0xx_HAL_Driver\Src\stm32g0xx_hal_rcc_ex.o
 .debug_frame   0x00001298      0xa00 Drivers\STM32G0xx_HAL_Driver\Src\stm32g0xx_hal_tim.o
 .debug_frame   0x00001c98      0x444 Drivers\STM32G0xx_HAL_Driver\Src\stm32g0xx_hal_tim_ex.o
 .debug_frame   0x000020dc      0x624 Drivers\STM32G0xx_HAL_Driver\Src\stm32g0xx_hal_uart.o
 .debug_frame   0x00002700      0x158 Drivers\STM32G0xx_HAL_Driver\Src\stm32g0xx_hal_uart_ex.o
 .debug_frame   0x00002858      0x53c Middlewares\Third_Party\FreeRTOS\Source\CMSIS_RTOS\cmsis_os.o
 .debug_frame   0x00002d94       0x6c Middlewares\Third_Party\FreeRTOS\Source\list.o
 .debug_frame   0x00002e00      0x100 Middlewares\Third_Party\FreeRTOS\Source\portable\GCC\ARM_CM0\port.o
 .debug_frame   0x00002f00       0x90 Middlewares\Third_Party\FreeRTOS\Source\portable\MemMang\heap_4.o
 .debug_frame   0x00002f90      0x290 Middlewares\Third_Party\FreeRTOS\Source\queue.o
 .debug_frame   0x00003220      0x46c Middlewares\Third_Party\FreeRTOS\Source\tasks.o
 .debug_frame   0x0000368c      0x25c Src\bq25703a_regulator.o
 .debug_frame   0x000038e8       0x90 Src\main.o
 .debug_frame   0x00003978       0x94 Src\stm32g0xx_hal_msp.o
 .debug_frame   0x00003a0c       0x4c Src\stm32g0xx_hal_timebase_tim.o
 .debug_frame   0x00003a58       0x78 Src\stm32g0xx_it.o
 .debug_frame   0x00003ad0       0x3c Src\system_stm32g0xx.o
 .debug_frame   0x00003b0c       0x2c c:/program files (x86)/atollic/truestudio for stm32 9.3.0/armtools/bin/../lib/gcc/arm-atollic-eabi/6.3.1/../../../../arm-atollic-eabi/lib/armv6-m\libc_nano.a(lib_a-init.o)
 .debug_frame   0x00003b38       0x28 c:/program files (x86)/atollic/truestudio for stm32 9.3.0/armtools/bin/../lib/gcc/arm-atollic-eabi/6.3.1/../../../../arm-atollic-eabi/lib/armv6-m\libc_nano.a(lib_a-memcpy-stub.o)
 .debug_frame   0x00003b60       0x20 c:/program files (x86)/atollic/truestudio for stm32 9.3.0/armtools/bin/../lib/gcc/arm-atollic-eabi/6.3.1/../../../../arm-atollic-eabi/lib/armv6-m\libc_nano.a(lib_a-memset.o)
 .debug_frame   0x00003b80       0x20 c:/program files (x86)/atollic/truestudio for stm32 9.3.0/armtools/bin/../lib/gcc/arm-atollic-eabi/6.3.1/armv6-m\libgcc.a(_udivsi3.o)
 .debug_frame   0x00003ba0       0x20 c:/program files (x86)/atollic/truestudio for stm32 9.3.0/armtools/bin/../lib/gcc/arm-atollic-eabi/6.3.1/armv6-m\libgcc.a(_divsi3.o)
 .debug_frame   0x00003bc0       0x3c c:/program files (x86)/atollic/truestudio for stm32 9.3.0/armtools/bin/../lib/gcc/arm-atollic-eabi/6.3.1/armv6-m\libgcc.a(_udivmoddi4.o)
