bq25703a_regulator.c:56:9:Get_Regulator_Connection_State	0	static
bq25703a_regulator.c:64:9:Get_Regulator_Charging_State	0	static
bq25703a_regulator.c:72:10:Get_VBAT_ADC_Reading	0	static
bq25703a_regulator.c:80:10:Get_VBUS_ADC_Reading	0	static
bq25703a_regulator.c:88:10:Get_Input_Current_ADC_Reading	0	static
bq25703a_regulator.c:96:10:Get_Charge_Current_ADC_Reading	0	static
bq25703a_regulator.c:104:10:Get_Max_Charge_Current	0	static
bq25703a_regulator.c:113:6:I2C_Transfer	32	static
bq25703a_regulator.c:142:6:I2C_Receive	32	static
bq25703a_regulator.c:169:6:I2C_Write_Register	16	static
bq25703a_regulator.c:181:6:I2C_Write_Two_Byte_Register	16	static
bq25703a_regulator.c:195:6:I2C_Read_Register	24	static
bq25703a_regulator.c:204:9:Query_Regulator_Connection	16	static
bq25703a_regulator.c:228:9:Read_Charge_Okay	8	static
bq25703a_regulator.c:235:6:Read_Charge_Status	16	static
bq25703a_regulator.c:250:6:Regulator_Set_ADC_Option	16	static
bq25703a_regulator.c:260:6:Regulator_Read_ADC	24	static
bq25703a_regulator.c:295:6:Regulator_HI_Z	8	static
bq25703a_regulator.c:308:6:Regulator_OTG_EN	8	static
bq25703a_regulator.c:320:6:Regulator_Set_Charge_Option_0	8	static
bq25703a_regulator.c:334:6:Set_Charge_Current	8	static
bq25703a_regulator.c:370:6:Set_Charge_Voltage	24	static
bq25703a_regulator.c:417:6:Control_Charger_Output	8	static
bq25703a_regulator.c:433:6:vRegulator	8	static
